Archive member included to satisfy reference by file (symbol)

d:/software/rt-threadstudio/platform/env_released/env/tools/gnu_gcc/arm_gcc/mingw/bin/../lib/gcc/arm-none-eabi/5.4.1/../../../../arm-none-eabi/lib/armv7e-m/fpu/fpv5-sp-d16\libc.a(lib_a-atoi.o)
                              ./rt-thread/components/net/netdev/src/netdev.o (atoi)
d:/software/rt-threadstudio/platform/env_released/env/tools/gnu_gcc/arm_gcc/mingw/bin/../lib/gcc/arm-none-eabi/5.4.1/../../../../arm-none-eabi/lib/armv7e-m/fpu/fpv5-sp-d16\libc.a(lib_a-fclose.o)
                              ./rt-thread/components/libc/compilers/newlib/stdio.o (fclose)
d:/software/rt-threadstudio/platform/env_released/env/tools/gnu_gcc/arm_gcc/mingw/bin/../lib/gcc/arm-none-eabi/5.4.1/../../../../arm-none-eabi/lib/armv7e-m/fpu/fpv5-sp-d16\libc.a(lib_a-fflush.o)
                              d:/software/rt-threadstudio/platform/env_released/env/tools/gnu_gcc/arm_gcc/mingw/bin/../lib/gcc/arm-none-eabi/5.4.1/../../../../arm-none-eabi/lib/armv7e-m/fpu/fpv5-sp-d16\libc.a(lib_a-fclose.o) (__sflush_r)
d:/software/rt-threadstudio/platform/env_released/env/tools/gnu_gcc/arm_gcc/mingw/bin/../lib/gcc/arm-none-eabi/5.4.1/../../../../arm-none-eabi/lib/armv7e-m/fpu/fpv5-sp-d16\libc.a(lib_a-fileno.o)
                              ./rt-thread/components/libc/compilers/newlib/stdio.o (fileno)
d:/software/rt-threadstudio/platform/env_released/env/tools/gnu_gcc/arm_gcc/mingw/bin/../lib/gcc/arm-none-eabi/5.4.1/../../../../arm-none-eabi/lib/armv7e-m/fpu/fpv5-sp-d16\libc.a(lib_a-findfp.o)
                              d:/software/rt-threadstudio/platform/env_released/env/tools/gnu_gcc/arm_gcc/mingw/bin/../lib/gcc/arm-none-eabi/5.4.1/../../../../arm-none-eabi/lib/armv7e-m/fpu/fpv5-sp-d16\libc.a(lib_a-fclose.o) (__sinit)
d:/software/rt-threadstudio/platform/env_released/env/tools/gnu_gcc/arm_gcc/mingw/bin/../lib/gcc/arm-none-eabi/5.4.1/../../../../arm-none-eabi/lib/armv7e-m/fpu/fpv5-sp-d16\libc.a(lib_a-fopen.o)
                              ./rt-thread/components/libc/compilers/newlib/stdio.o (fopen)
d:/software/rt-threadstudio/platform/env_released/env/tools/gnu_gcc/arm_gcc/mingw/bin/../lib/gcc/arm-none-eabi/5.4.1/../../../../arm-none-eabi/lib/armv7e-m/fpu/fpv5-sp-d16\libc.a(lib_a-fread.o)
                              ./packages/ucloud_iot_sdk-latest/uiot/utils/utils_httpc.o (fread)
d:/software/rt-threadstudio/platform/env_released/env/tools/gnu_gcc/arm_gcc/mingw/bin/../lib/gcc/arm-none-eabi/5.4.1/../../../../arm-none-eabi/lib/armv7e-m/fpu/fpv5-sp-d16\libc.a(lib_a-fseek.o)
                              d:/software/rt-threadstudio/platform/env_released/env/tools/gnu_gcc/arm_gcc/mingw/bin/../lib/gcc/arm-none-eabi/5.4.1/../../../../arm-none-eabi/lib/armv7e-m/fpu/fpv5-sp-d16\libc.a(lib_a-fopen.o) (_fseek_r)
d:/software/rt-threadstudio/platform/env_released/env/tools/gnu_gcc/arm_gcc/mingw/bin/../lib/gcc/arm-none-eabi/5.4.1/../../../../arm-none-eabi/lib/armv7e-m/fpu/fpv5-sp-d16\libc.a(lib_a-fseeko.o)
                              d:/software/rt-threadstudio/platform/env_released/env/tools/gnu_gcc/arm_gcc/mingw/bin/../lib/gcc/arm-none-eabi/5.4.1/../../../../arm-none-eabi/lib/armv7e-m/fpu/fpv5-sp-d16\libc.a(lib_a-fseek.o) (_fseeko_r)
d:/software/rt-threadstudio/platform/env_released/env/tools/gnu_gcc/arm_gcc/mingw/bin/../lib/gcc/arm-none-eabi/5.4.1/../../../../arm-none-eabi/lib/armv7e-m/fpu/fpv5-sp-d16\libc.a(lib_a-fwalk.o)
                              d:/software/rt-threadstudio/platform/env_released/env/tools/gnu_gcc/arm_gcc/mingw/bin/../lib/gcc/arm-none-eabi/5.4.1/../../../../arm-none-eabi/lib/armv7e-m/fpu/fpv5-sp-d16\libc.a(lib_a-findfp.o) (_fwalk)
d:/software/rt-threadstudio/platform/env_released/env/tools/gnu_gcc/arm_gcc/mingw/bin/../lib/gcc/arm-none-eabi/5.4.1/../../../../arm-none-eabi/lib/armv7e-m/fpu/fpv5-sp-d16\libc.a(lib_a-impure.o)
                              ./rt-thread/components/libc/compilers/newlib/stdio.o (_global_impure_ptr)
d:/software/rt-threadstudio/platform/env_released/env/tools/gnu_gcc/arm_gcc/mingw/bin/../lib/gcc/arm-none-eabi/5.4.1/../../../../arm-none-eabi/lib/armv7e-m/fpu/fpv5-sp-d16\libc.a(lib_a-locale.o)
                              ./rt-thread/components/net/at/at_socket/at_socket.o (__locale_ctype_ptr)
d:/software/rt-threadstudio/platform/env_released/env/tools/gnu_gcc/arm_gcc/mingw/bin/../lib/gcc/arm-none-eabi/5.4.1/../../../../arm-none-eabi/lib/armv7e-m/fpu/fpv5-sp-d16\libc.a(lib_a-makebuf.o)
                              d:/software/rt-threadstudio/platform/env_released/env/tools/gnu_gcc/arm_gcc/mingw/bin/../lib/gcc/arm-none-eabi/5.4.1/../../../../arm-none-eabi/lib/armv7e-m/fpu/fpv5-sp-d16\libc.a(lib_a-fseeko.o) (__smakebuf_r)
d:/software/rt-threadstudio/platform/env_released/env/tools/gnu_gcc/arm_gcc/mingw/bin/../lib/gcc/arm-none-eabi/5.4.1/../../../../arm-none-eabi/lib/armv7e-m/fpu/fpv5-sp-d16\libc.a(lib_a-mbtowc_r.o)
[...]
Memory Configuration

Name             Origin             Length             Attributes
ROM              0x08000000         0x00200000         xr
RAM              0x20000000         0x00080000         rw
*default*        0x00000000         0xffffffff

Linker script and memory map

LOAD d:/software/rt-threadstudio/platform/env_released/env/tools/gnu_gcc/arm_gcc/mingw/bin/../lib/gcc/arm-none-eabi/5.4.1/armv7e-m/fpu/fpv5-sp-d16/crti.o
LOAD d:/software/rt-threadstudio/platform/env_released/env/tools/gnu_gcc/arm_gcc/mingw/bin/../lib/gcc/arm-none-eabi/5.4.1/armv7e-m/fpu/fpv5-sp-d16/crtbegin.o
LOAD d:/software/rt-threadstudio/platform/env_released/env/tools/gnu_gcc/arm_gcc/mingw/bin/../lib/gcc/arm-none-eabi/5.4.1/../../../../arm-none-eabi/lib/armv7e-m/fpu/fpv5-sp-d16/crt0.o
LOAD ./rt-thread/src/clock.o
LOAD ./rt-thread/src/components.o
LOAD ./rt-thread/src/device.o
LOAD ./rt-thread/src/idle.o
LOAD ./rt-thread/src/ipc.o
LOAD ./rt-thread/src/irq.o
LOAD ./rt-thread/src/kservice.o
LOAD ./rt-thread/src/mem.o
LOAD ./rt-thread/src/mempool.o
LOAD ./rt-thread/src/object.o
LOAD ./rt-thread/src/scheduler.o
LOAD ./rt-thread/src/signal.o
LOAD ./rt-thread/src/thread.o
LOAD ./rt-thread/src/timer.o
LOAD ./rt-thread/libcpu/arm/cortex-m7/context_gcc.o
LOAD ./rt-thread/libcpu/arm/cortex-m7/cpu_cache.o
LOAD ./rt-thread/libcpu/arm/cortex-m7/cpuport.o
LOAD ./rt-thread/libcpu/arm/common/backtrace.o
LOAD ./rt-thread/libcpu/arm/common/div0.o
LOAD ./rt-thread/libcpu/arm/common/showmem.o
LOAD ./rt-thread/components/net/sal_socket/src/sal_socket.o
LOAD ./rt-thread/components/net/sal_socket/socket/net_netdb.o
LOAD ./rt-thread/components/net/sal_socket/impl/af_inet_at.o
LOAD ./rt-thread/components/net/netdev/src/netdev.o
LOAD ./rt-thread/components/net/netdev/src/netdev_ipaddr.o
LOAD ./rt-thread/components/net/at/src/at_cli.o
LOAD ./rt-thread/components/net/at/src/at_client.o
LOAD ./rt-thread/components/net/at/src/at_utils.o
LOAD ./rt-thread/components/net/at/at_socket/at_socket.o
LOAD ./rt-thread/components/libc/compilers/newlib/libc.o
LOAD ./rt-thread/components/libc/compilers/newlib/libc_syms.o
LOAD ./rt-thread/components/libc/compilers/newlib/stdio.o
LOAD ./rt-thread/components/libc/compilers/newlib/syscalls.o
LOAD ./rt-thread/components/libc/compilers/newlib/time.o
LOAD ./rt-thread/components/finsh/cmd.o
LOAD ./rt-thread/components/finsh/msh.o
LOAD ./rt-thread/components/finsh/shell.o
LOAD ./rt-thread/components/drivers/src/completion.o
LOAD ./rt-thread/components/drivers/src/dataqueue.o
LOAD ./rt-thread/components/drivers/src/pipe.o
LOAD ./rt-thread/components/drivers/src/ringblk_buf.o
LOAD ./rt-thread/components/drivers/src/ringbuffer.o
LOAD ./rt-thread/components/drivers/src/waitqueue.o
LOAD ./rt-thread/components/drivers/src/workqueue.o
LOAD ./rt-thread/components/drivers/serial/serial.o
LOAD ./rt-thread/components/drivers/sensors/sensor.o
LOAD ./rt-thread/components/drivers/sensors/sensor_cmd.o
LOAD ./rt-thread/components/drivers/misc/pin.o
LOAD ./packages/ucloud_iot_sdk-latest/uiot/utils/json_parser.o
LOAD ./packages/ucloud_iot_sdk-latest/uiot/utils/json_token.o
LOAD ./packages/ucloud_iot_sdk-latest/uiot/utils/string_utils.o
LOAD ./packages/ucloud_iot_sdk-latest/uiot/utils/utils_httpc.o
LOAD ./packages/ucloud_iot_sdk-latest/uiot/utils/utils_list.o
LOAD ./packages/ucloud_iot_sdk-latest/uiot/utils/utils_md5.o
LOAD ./packages/ucloud_iot_sdk-latest/uiot/utils/utils_net.o
LOAD ./packages/ucloud_iot_sdk-latest/uiot/utils/utils_sha2.o
LOAD ./packages/ucloud_iot_sdk-latest/uiot/utils/utils_timer.o
LOAD ./packages/ucloud_iot_sdk-latest/uiot/mqtt/src/mqtt_client.o
LOAD ./packages/ucloud_iot_sdk-latest/uiot/mqtt/src/mqtt_client_common.o
LOAD ./packages/ucloud_iot_sdk-latest/uiot/mqtt/src/mqtt_client_connect.o
LOAD ./packages/ucloud_iot_sdk-latest/uiot/mqtt/src/mqtt_client_net.o
LOAD ./packages/ucloud_iot_sdk-latest/uiot/mqtt/src/mqtt_client_publish.o
LOAD ./packages/ucloud_iot_sdk-latest/uiot/mqtt/src/mqtt_client_subscribe.o
LOAD ./packages/ucloud_iot_sdk-latest/uiot/mqtt/src/mqtt_client_unsubscribe.o
LOAD ./packages/ucloud_iot_sdk-latest/uiot/mqtt/src/mqtt_client_yield.o
LOAD ./packages/ucloud_iot_sdk-latest/samples/mqtt/mqtt_sample.o
LOAD ./packages/ucloud_iot_sdk-latest/ports/rtthread/HAL_OS_rtthread.o
LOAD ./packages/ucloud_iot_sdk-latest/ports/rtthread/HAL_TCP_rtthread.o
LOAD ./packages/ucloud_iot_sdk-latest/ports/rtthread/HAL_Timer_rtthread.o
LOAD ./packages/dht11-latest/dht11_sample.o
LOAD ./packages/dht11-latest/sensor_dallas_dht11.o
LOAD ./packages/at_device-v2.0.2/src/at_device.o
LOAD ./packages/at_device-v2.0.2/samples/at_sample_ec20.o
LOAD ./packages/at_device-v2.0.2/class/ec20/at_device_ec20.o
LOAD ./packages/at_device-v2.0.2/class/ec20/at_socket_ec20.o
LOAD ./libraries/STM32F7xx_HAL_Driver/Src/Legacy/stm32f7xx_hal_can.o
LOAD ./libraries/STM32F7xx_HAL_Driver/Src/stm32f7xx_hal.o
LOAD ./libraries/STM32F7xx_HAL_Driver/Src/stm32f7xx_hal_adc.o
LOAD ./libraries/STM32F7xx_HAL_Driver/Src/stm32f7xx_hal_adc_ex.o
LOAD ./libraries/STM32F7xx_HAL_Driver/Src/stm32f7xx_hal_can.o
LOAD ./libraries/STM32F7xx_HAL_Driver/Src/stm32f7xx_hal_cec.o
LOAD ./libraries/STM32F7xx_HAL_Driver/Src/stm32f7xx_hal_cortex.o
LOAD ./libraries/STM32F7xx_HAL_Driver/Src/stm32f7xx_hal_crc.o
LOAD ./libraries/STM32F7xx_HAL_Driver/Src/stm32f7xx_hal_crc_ex.o
LOAD ./libraries/STM32F7xx_HAL_Driver/Src/stm32f7xx_hal_cryp.o
LOAD ./libraries/STM32F7xx_HAL_Driver/Src/stm32f7xx_hal_cryp_ex.o
LOAD ./libraries/STM32F7xx_HAL_Driver/Src/stm32f7xx_hal_dac.o
LOAD ./libraries/STM32F7xx_HAL_Driver/Src/stm32f7xx_hal_dac_ex.o
LOAD ./libraries/STM32F7xx_HAL_Driver/Src/stm32f7xx_hal_dcmi.o
LOAD ./libraries/STM32F7xx_HAL_Driver/Src/stm32f7xx_hal_dcmi_ex.o
LOAD ./libraries/STM32F7xx_HAL_Driver/Src/stm32f7xx_hal_dfsdm.o
LOAD ./libraries/STM32F7xx_HAL_Driver/Src/stm32f7xx_hal_dma.o
LOAD ./libraries/STM32F7xx_HAL_Driver/Src/stm32f7xx_hal_dma2d.o
LOAD ./libraries/STM32F7xx_HAL_Driver/Src/stm32f7xx_hal_dma_ex.o
LOAD ./libraries/STM32F7xx_HAL_Driver/Src/stm32f7xx_hal_dsi.o
LOAD ./libraries/STM32F7xx_HAL_Driver/Src/stm32f7xx_hal_eth.o
LOAD ./libraries/STM32F7xx_HAL_Driver/Src/stm32f7xx_hal_exti.o
LOAD ./libraries/STM32F7xx_HAL_Driver/Src/stm32f7xx_hal_flash.o
LOAD ./libraries/STM32F7xx_HAL_Driver/Src/stm32f7xx_hal_flash_ex.o
LOAD ./libraries/STM32F7xx_HAL_Driver/Src/stm32f7xx_hal_gpio.o
LOAD ./libraries/STM32F7xx_HAL_Driver/Src/stm32f7xx_hal_hash.o
LOAD ./libraries/STM32F7xx_HAL_Driver/Src/stm32f7xx_hal_hash_ex.o
LOAD ./libraries/STM32F7xx_HAL_Driver/Src/stm32f7xx_hal_hcd.o
LOAD ./libraries/STM32F7xx_HAL_Driver/Src/stm32f7xx_hal_i2c.o
LOAD ./libraries/STM32F7xx_HAL_Driver/Src/stm32f7xx_hal_i2c_ex.o
LOAD ./libraries/STM32F7xx_HAL_Driver/Src/stm32f7xx_hal_i2s.o
LOAD ./libraries/STM32F7xx_HAL_Driver/Src/stm32f7xx_hal_irda.o
LOAD ./libraries/STM32F7xx_HAL_Driver/Src/stm32f7xx_hal_iwdg.o
LOAD ./libraries/STM32F7xx_HAL_Driver/Src/stm32f7xx_hal_jpeg.o
LOAD ./libraries/STM32F7xx_HAL_Driver/Src/stm32f7xx_hal_lptim.o
LOAD ./libraries/STM32F7xx_HAL_Driver/Src/stm32f7xx_hal_ltdc.o
LOAD ./libraries/STM32F7xx_HAL_Driver/Src/stm32f7xx_hal_ltdc_ex.o
LOAD ./libraries/STM32F7xx_HAL_Driver/Src/stm32f7xx_hal_mdios.o
LOAD ./libraries/STM32F7xx_HAL_Driver/Src/stm32f7xx_hal_mmc.o
LOAD ./libraries/STM32F7xx_HAL_Driver/Src/stm32f7xx_hal_nand.o
LOAD ./libraries/STM32F7xx_HAL_Driver/Src/stm32f7xx_hal_nor.o
LOAD ./libraries/STM32F7xx_HAL_Driver/Src/stm32f7xx_hal_pcd.o
LOAD ./libraries/STM32F7xx_HAL_Driver/Src/stm32f7xx_hal_pcd_ex.o
LOAD ./libraries/STM32F7xx_HAL_Driver/Src/stm32f7xx_hal_pwr.o
LOAD ./libraries/STM32F7xx_HAL_Driver/Src/stm32f7xx_hal_pwr_ex.o
LOAD ./libraries/STM32F7xx_HAL_Driver/Src/stm32f7xx_hal_qspi.o
LOAD ./libraries/STM32F7xx_HAL_Driver/Src/stm32f7xx_hal_rcc.o
LOAD ./libraries/STM32F7xx_HAL_Driver/Src/stm32f7xx_hal_rcc_ex.o
LOAD ./libraries/STM32F7xx_HAL_Driver/Src/stm32f7xx_hal_rng.o
LOAD ./libraries/STM32F7xx_HAL_Driver/Src/stm32f7xx_hal_rtc.o
LOAD ./libraries/STM32F7xx_HAL_Driver/Src/stm32f7xx_hal_rtc_ex.o
LOAD ./libraries/STM32F7xx_HAL_Driver/Src/stm32f7xx_hal_sai.o
LOAD ./libraries/STM32F7xx_HAL_Driver/Src/stm32f7xx_hal_sai_ex.o
LOAD ./libraries/STM32F7xx_HAL_Driver/Src/stm32f7xx_hal_sd.o
LOAD ./libraries/STM32F7xx_HAL_Driver/Src/stm32f7xx_hal_sdram.o
LOAD ./libraries/STM32F7xx_HAL_Driver/Src/stm32f7xx_hal_smartcard.o
LOAD ./libraries/STM32F7xx_HAL_Driver/Src/stm32f7xx_hal_smartcard_ex.o
LOAD ./libraries/STM32F7xx_HAL_Driver/Src/stm32f7xx_hal_smbus.o
LOAD ./libraries/STM32F7xx_HAL_Driver/Src/stm32f7xx_hal_spdifrx.o
LOAD ./libraries/STM32F7xx_HAL_Driver/Src/stm32f7xx_hal_spi.o
LOAD ./libraries/STM32F7xx_HAL_Driver/Src/stm32f7xx_hal_spi_ex.o
LOAD ./libraries/STM32F7xx_HAL_Driver/Src/stm32f7xx_hal_sram.o
LOAD ./libraries/STM32F7xx_HAL_Driver/Src/stm32f7xx_hal_tim.o
LOAD ./libraries/STM32F7xx_HAL_Driver/Src/stm32f7xx_hal_tim_ex.o
LOAD ./libraries/STM32F7xx_HAL_Driver/Src/stm32f7xx_hal_uart.o
LOAD ./libraries/STM32F7xx_HAL_Driver/Src/stm32f7xx_hal_uart_ex.o
LOAD ./libraries/STM32F7xx_HAL_Driver/Src/stm32f7xx_hal_usart.o
LOAD ./libraries/STM32F7xx_HAL_Driver/Src/stm32f7xx_hal_wwdg.o
LOAD ./libraries/CMSIS/Device/ST/STM32F7xx/Source/Templates/gcc/startup_stm32f767xx.o
LOAD ./libraries/CMSIS/Device/ST/STM32F7xx/Source/Templates/system_stm32f7xx.o
LOAD ./drivers/board.o
LOAD ./drivers/drv_common.o
LOAD ./drivers/drv_gpio.o
LOAD ./drivers/drv_usart.o
LOAD ./applications/main.o
LOAD d:/software/rt-threadstudio/platform/env_released/env/tools/gnu_gcc/arm_gcc/mingw/bin/../lib/gcc/arm-none-eabi/5.4.1/../../../../arm-none-eabi/lib/armv7e-m/fpu/fpv5-sp-d16\libc.a
LOAD d:/software/rt-threadstudio/platform/env_released/env/tools/gnu_gcc/arm_gcc/mingw/bin/../lib/gcc/arm-none-eabi/5.4.1/../../../../arm-none-eabi/lib/armv7e-m/fpu/fpv5-sp-d16\libm.a
START GROUP
LOAD d:/software/rt-threadstudio/platform/env_released/env/tools/gnu_gcc/arm_gcc/mingw/bin/../lib/gcc/arm-none-eabi/5.4.1/armv7e-m/fpu/fpv5-sp-d16\libgcc.a
LOAD d:/software/rt-threadstudio/platform/env_released/env/tools/gnu_gcc/arm_gcc/mingw/bin/../lib/gcc/arm-none-eabi/5.4.1/../../../../arm-none-eabi/lib/armv7e-m/fpu/fpv5-sp-d16\libg.a
LOAD d:/software/rt-threadstudio/platform/env_released/env/tools/gnu_gcc/arm_gcc/mingw/bin/../lib/gcc/arm-none-eabi/5.4.1/../../../../arm-none-eabi/lib/armv7e-m/fpu/fpv5-sp-d16\libc.a
END GROUP
LOAD d:/software/rt-threadstudio/platform/env_released/env/tools/gnu_gcc/arm_gcc/mingw/bin/../lib/gcc/arm-none-eabi/5.4.1/armv7e-m/fpu/fpv5-sp-d16/crtend.o
LOAD d:/software/rt-threadstudio/platform/env_released/env/tools/gnu_gcc/arm_gcc/mingw/bin/../lib/gcc/arm-none-eabi/5.4.1/armv7e-m/fpu/fpv5-sp-d16/crtn.o
                0x00000200                _system_stack_size = 0x200

.text           0x08000000    0x2a648
                0x08000000                . = ALIGN (0x4)
                0x08000000                _stext = .
 *(.isr_vector)
 .isr_vector    0x08000000      0x1f8 ./libraries/CMSIS/Device/ST/STM32F7xx/Source/Templates/gcc/startup_stm32f767xx.o
                0x08000000                g_pfnVectors
                0x080001f8                . = ALIGN (0x4)
 *(.text)
 .text          0x080001f8       0x5c d:/software/rt-threadstudio/platform/env_released/env/tools/gnu_gcc/arm_gcc/mingw/bin/../lib/gcc/arm-none-eabi/5.4.1/armv7e-m/fpu/fpv5-sp-d16/crtbegin.o
 .text          0x08000254      0x138 ./rt-thread/libcpu/arm/cortex-m7/context_gcc.o
                0x08000254                rt_hw_interrupt_disable
                0x0800025c                rt_hw_interrupt_enable
                0x08000262                rt_hw_context_switch_interrupt
                0x08000262                rt_hw_context_switch
                0x08000282                PendSV_Handler
                0x080002ee                rt_hw_context_switch_to
                0x08000336                rt_hw_interrupt_thread_switch
                0x0800033a                HardFault_Handler
 .text          0x0800038c      0x134 d:/software/rt-threadstudio/platform/env_released/env/tools/gnu_gcc/arm_gcc/mingw/bin/../lib/gcc/arm-none-eabi/5.4.1/../../../../arm-none-eabi/lib/armv7e-m/fpu/fpv5-sp-d16\libc.a(lib_a-memcpy.o)
                0x0800038c                memcpy
 .text          0x080004c0      0x2dc d:/software/rt-threadstudio/platform/env_released/env/tools/gnu_gcc/arm_gcc/mingw/bin/../lib/gcc/arm-none-eabi/5.4.1/../../../../arm-none-eabi/lib/armv7e-m/fpu/fpv5-sp-d16\libc.a(lib_a-strcmp.o)
                0x080004c8                strcmp
 *fill*         0x0800079c       0x24 00000000
 .text          0x080007c0       0xdc d:/software/rt-threadstudio/platform/env_released/env/tools/gnu_gcc/arm_gcc/mingw/bin/../lib/gcc/arm-none-eabi/5.4.1/../../../../arm-none-eabi/lib/armv7e-m/fpu/fpv5-sp-d16\libc.a(lib_a-strlen.o)
                0x080007c0                strlen
 *fill*         0x0800089c        0x4 00000000
 .text          0x080008a0       0xa0 d:/software/rt-threadstudio/platform/env_released/env/tools/gnu_gcc/arm_gcc/mingw/bin/../lib/gcc/arm-none-eabi/5.4.1/../../../../arm-none-eabi/lib/armv7e-m/fpu/fpv5-sp-d16\libc.a(lib_a-memchr.o)
                0x080008a0                memchr
 .text          0x08000940      0x370 d:/software/rt-threadstudio/platform/env_released/env/tools/gnu_gcc/arm_gcc/mingw/bin/../lib/gcc/arm-none-eabi/5.4.1/armv7e-m/fpu/fpv5-sp-d16\libgcc.a(_arm_addsubdf3.o)
                0x08000940                __aeabi_drsub
                0x08000948                __aeabi_dsub
                0x08000948                __subdf3
                0x0800094c                __aeabi_dadd
                0x0800094c                __adddf3
                0x08000bc4                __floatunsidf
                0x08000bc4                __aeabi_ui2d
                0x08000be4                __floatsidf
                0x08000be4                __aeabi_i2d
                0x08000c08                __aeabi_f2d
                0x08000c08                __extendsfdf2
                0x08000c44                __floatundidf
                0x08000c44                __aeabi_ul2d
                0x08000c54                __floatdidf
                0x08000c54                __aeabi_l2d
 .text          0x08000cb0      0x424 d:/software/rt-threadstudio/platform/env_released/env/tools/gnu_gcc/arm_gcc/mingw/bin/../lib/gcc/arm-none-eabi/5.4.1/armv7e-m/fpu/fpv5-sp-d16\libgcc.a(_arm_muldivdf3.o)
                0x08000cb0                __aeabi_dmul
                0x08000cb0                __muldf3
                0x08000f04                __divdf3
                0x08000f04                __aeabi_ddiv
 .text          0x080010d4      0x110 d:/software/rt-threadstudio/platform/env_released/env/tools/gnu_gcc/arm_gcc/mingw/bin/../lib/gcc/arm-none-eabi/5.4.1/armv7e-m/fpu/fpv5-sp-d16\libgcc.a(_arm_cmpdf2.o)
                0x080010d4                __gtdf2
                0x080010d4                __gedf2
                0x080010dc                __ltdf2
                0x080010dc                __ledf2
                0x080010e4                __nedf2
                0x080010e4                __eqdf2
                0x080010e4                __cmpdf2
                0x08001160                __aeabi_cdrcmple
                0x08001170                __aeabi_cdcmpeq
                0x08001170                __aeabi_cdcmple
                0x08001180                __aeabi_dcmpeq
                0x08001194                __aeabi_dcmplt
                0x080011a8                __aeabi_dcmple
                0x080011bc                __aeabi_dcmpge
                0x080011d0                __aeabi_dcmpgt
 .text          0x080011e4       0x2c d:/software/rt-threadstudio/platform/env_released/env/tools/gnu_gcc/arm_gcc/mingw/bin/../lib/gcc/arm-none-eabi/5.4.1/armv7e-m/fpu/fpv5-sp-d16\libgcc.a(_arm_unorddf2.o)
                0x080011e4                __unorddf2
                0x080011e4                __aeabi_dcmpun
 .text          0x08001210       0x50 d:/software/rt-threadstudio/platform/env_released/env/tools/gnu_gcc/arm_gcc/mingw/bin/../lib/gcc/arm-none-eabi/5.4.1/armv7e-m/fpu/fpv5-sp-d16\libgcc.a(_arm_fixdfsi.o)
                0x08001210                __aeabi_d2iz
                0x08001210                __fixdfsi
 .text          0x08001260       0x40 d:/software/rt-threadstudio/platform/env_released/env/tools/gnu_gcc/arm_gcc/mingw/bin/../lib/gcc/arm-none-eabi/5.4.1/armv7e-m/fpu/fpv5-sp-d16\libgcc.a(_arm_fixunsdfsi.o)
                0x08001260                __aeabi_d2uiz
                0x08001260                __fixunsdfsi
 .text          0x080012a0       0xa0 d:/software/rt-threadstudio/platform/env_released/env/tools/gnu_gcc/arm_gcc/mingw/bin/../lib/gcc/arm-none-eabi/5.4.1/armv7e-m/fpu/fpv5-sp-d16\libgcc.a(_arm_truncdfsf2.o)
                0x080012a0                __truncdfsf2
                0x080012a0                __aeabi_d2f
 .text          0x08001340       0x30 d:/software/rt-threadstudio/platform/env_released/env/tools/gnu_gcc/arm_gcc/mingw/bin/../lib/gcc/arm-none-eabi/5.4.1/armv7e-m/fpu/fpv5-sp-d16\libgcc.a(_aeabi_uldivmod.o)
                0x08001340                __aeabi_uldivmod
 .text          0x08001370      0x2e4 d:/software/rt-threadstudio/platform/env_released/env/tools/gnu_gcc/arm_gcc/mingw/bin/../lib/gcc/arm-none-eabi/5.4.1/armv7e-m/fpu/fpv5-sp-d16\libgcc.a(_udivmoddi4.o)
                0x08001370                __udivmoddi4
 .text          0x08001654        0x4 d:/software/rt-threadstudio/platform/env_released/env/tools/gnu_gcc/arm_gcc/mingw/bin/../lib/gcc/arm-none-eabi/5.4.1/armv7e-m/fpu/fpv5-sp-d16\libgcc.a(_dvmd_tls.o)
                0x08001654                __aeabi_idiv0
                0x08001654                __aeabi_ldiv0
 *(.text.*)
 .text.rt_tick_get
                0x08001658       0x18 ./rt-thread/src/clock.o
                0x08001658                rt_tick_get
 .text.rt_tick_increase
                0x08001670       0x58 ./rt-thread/src/clock.o
                0x08001670                rt_tick_increase
 .text.rt_tick_from_millisecond
                0x080016c8       0x78 ./rt-thread/src/clock.o
                0x080016c8                rt_tick_from_millisecond
 .text.rti_start
                0x08001740       0x10 ./rt-thread/src/components.o
 .text.rti_board_start
                0x08001750       0x10 ./rt-thread/src/components.o
 .text.rti_board_end
                0x08001760       0x10 ./rt-thread/src/components.o
 .text.rti_end  0x08001770       0x10 ./rt-thread/src/components.o
 .text.rt_components_board_init
                0x08001780       0x30 ./rt-thread/src/components.o
                0x08001780                rt_components_board_init
 .text.rt_components_init
                0x080017b0       0x30 ./rt-thread/src/components.o
                0x080017b0                rt_components_init
 .text.entry    0x080017e0       0x10 ./rt-thread/src/components.o
                0x080017e0                entry
 .text.main_thread_entry
                0x080017f0       0x18 ./rt-thread/src/components.o
                0x080017f0                main_thread_entry
 .text.rt_application_init
                0x08001808       0x4c ./rt-thread/src/components.o
                0x08001808                rt_application_init
 .text.rtthread_startup
                0x08001854       0x30 ./rt-thread/src/components.o
                0x08001854                rtthread_startup
 .text.rt_device_register
                0x08001884       0x54 ./rt-thread/src/device.o
                0x08001884                rt_device_register
 .text.rt_device_find
                0x080018d8       0x90 ./rt-thread/src/device.o
                0x080018d8                rt_device_find
 .text.rt_device_open
                0x08001968      0x11c ./rt-thread/src/device.o
                0x08001968                rt_device_open
 .text.rt_device_close
                0x08001a84       0x9c ./rt-thread/src/device.o
                0x08001a84                rt_device_close
 .text.rt_device_read
                0x08001b20       0x88 ./rt-thread/src/device.o
                0x08001b20                rt_device_read
 .text.rt_device_write
                0x08001ba8       0x88 ./rt-thread/src/device.o
                0x08001ba8                rt_device_write
 .text.rt_device_control
                0x08001c30       0x68 ./rt-thread/src/device.o
                0x08001c30                rt_device_control
 .text.rt_device_set_rx_indicate
                0x08001c98       0x54 ./rt-thread/src/device.o
                0x08001c98                rt_device_set_rx_indicate
 .text.rt_list_remove
                0x08001cec       0x38 ./rt-thread/src/idle.o
 .text._has_defunct_thread
                0x08001d24       0x2c ./rt-thread/src/idle.o
 .text.rt_thread_idle_excute
                0x08001d50       0xc8 ./rt-thread/src/idle.o
                0x08001d50                rt_thread_idle_excute
 .text.rt_thread_idle_entry
                0x08001e18       0x3c ./rt-thread/src/idle.o
 .text.rt_thread_idle_init
                0x08001e54       0x74 ./rt-thread/src/idle.o
                0x08001e54                rt_thread_idle_init
 .text.rt_list_init
                0x08001ec8       0x24 ./rt-thread/src/ipc.o
 .text.rt_list_insert_before
                0x08001eec       0x34 ./rt-thread/src/ipc.o
 .text.rt_list_isempty
                0x08001f20       0x24 ./rt-thread/src/ipc.o
 .text.rt_ipc_object_init
                0x08001f44       0x1c ./rt-thread/src/ipc.o
 .text.rt_ipc_list_suspend
                0x08001f60       0x90 ./rt-thread/src/ipc.o
 .text.rt_ipc_list_resume
                0x08001ff0       0x20 ./rt-thread/src/ipc.o
 .text.rt_ipc_list_resume_all
                0x08002010       0x48 ./rt-thread/src/ipc.o
 .text.rt_sem_init
                0x08002058       0x68 ./rt-thread/src/ipc.o
                0x08002058                rt_sem_init
 .text.rt_sem_detach
                0x080020c0       0x74 ./rt-thread/src/ipc.o
                0x080020c0                rt_sem_detach
 .text.rt_sem_create
                0x08002134       0x90 ./rt-thread/src/ipc.o
                0x08002134                rt_sem_create
 .text.rt_sem_delete
                0x080021c4       0xac ./rt-thread/src/ipc.o
                0x080021c4                rt_sem_delete
 .text.rt_sem_take
                0x08002270      0x160 ./rt-thread/src/ipc.o
                0x08002270                rt_sem_take
 .text.rt_sem_trytake
                0x080023d0       0x1c ./rt-thread/src/ipc.o
                0x080023d0                rt_sem_trytake
 .text.rt_sem_release
                0x080023ec       0xa0 ./rt-thread/src/ipc.o
                0x080023ec                rt_sem_release
 .text.rt_sem_control
                0x0800248c       0x84 ./rt-thread/src/ipc.o
                0x0800248c                rt_sem_control
 .text.rt_mutex_init
                0x08002510       0x64 ./rt-thread/src/ipc.o
                0x08002510                rt_mutex_init
 .text.rt_mutex_create
                0x08002574       0x88 ./rt-thread/src/ipc.o
                0x08002574                rt_mutex_create
 .text.rt_mutex_delete
                0x080025fc       0xac ./rt-thread/src/ipc.o
                0x080025fc                rt_mutex_delete
 .text.rt_mutex_take
                0x080026a8      0x1d0 ./rt-thread/src/ipc.o
                0x080026a8                rt_mutex_take
 .text.rt_mutex_release
                0x08002878      0x190 ./rt-thread/src/ipc.o
                0x08002878                rt_mutex_release
 .text.rt_event_create
                0x08002a08       0x74 ./rt-thread/src/ipc.o
                0x08002a08                rt_event_create
 .text.rt_event_send
                0x08002a7c      0x148 ./rt-thread/src/ipc.o
                0x08002a7c                rt_event_send
 .text.rt_event_recv
                0x08002bc4      0x1fc ./rt-thread/src/ipc.o
                0x08002bc4                rt_event_recv
 .text.rt_interrupt_enter
                0x08002dc0       0x40 ./rt-thread/src/irq.o
                0x08002dc0                rt_interrupt_enter
 .text.rt_interrupt_leave
                0x08002e00       0x40 ./rt-thread/src/irq.o
                0x08002e00                rt_interrupt_leave
 .text.rt_interrupt_get_nest
                0x08002e40       0x28 ./rt-thread/src/irq.o
                0x08002e40                rt_interrupt_get_nest
 .text.rt_set_errno
                0x08002e68       0x40 ./rt-thread/src/kservice.o
                0x08002e68                rt_set_errno
 .text._rt_errno
                0x08002ea8       0x34 ./rt-thread/src/kservice.o
                0x08002ea8                _rt_errno
 .text.rt_memset
                0x08002edc       0xb8 ./rt-thread/src/kservice.o
                0x08002edc                rt_memset
 .text.rt_memcpy
                0x08002f94       0xd4 ./rt-thread/src/kservice.o
                0x08002f94                rt_memcpy
 .text.rt_memmove
                0x08003068       0x84 ./rt-thread/src/kservice.o
                0x08003068                rt_memmove
 .text.rt_memcmp
                0x080030ec       0x58 ./rt-thread/src/kservice.o
                0x080030ec                rt_memcmp
 .text.rt_strstr
                0x08003144       0x60 ./rt-thread/src/kservice.o
                0x08003144                rt_strstr
 .text.rt_strncpy
                0x080031a4       0x64 ./rt-thread/src/kservice.o
                0x080031a4                rt_strncpy
 .text.rt_strncmp
                0x08003208       0x4c ./rt-thread/src/kservice.o
                0x08003208                rt_strncmp
 .text.rt_strcmp
                0x08003254       0x44 ./rt-thread/src/kservice.o
                0x08003254                rt_strcmp
 .text.rt_strlen
                0x08003298       0x30 ./rt-thread/src/kservice.o
                0x08003298                rt_strlen
 .text.rt_show_version
                0x080032c8       0x44 ./rt-thread/src/kservice.o
                0x080032c8                rt_show_version
 .text.divide   0x0800330c       0x68 ./rt-thread/src/kservice.o
 .text.skip_atoi
                0x08003374       0x40 ./rt-thread/src/kservice.o
 .text.print_number
                0x080033b4      0x1dc ./rt-thread/src/kservice.o
 .text.rt_vsnprintf
                0x08003590      0x548 ./rt-thread/src/kservice.o
                0x08003590                rt_vsnprintf
 .text.rt_snprintf
                0x08003ad8       0x30 ./rt-thread/src/kservice.o
                0x08003ad8                rt_snprintf
 .text.rt_vsprintf
                0x08003b08       0x24 ./rt-thread/src/kservice.o
                0x08003b08                rt_vsprintf
 .text.rt_sprintf
                0x08003b2c       0x2c ./rt-thread/src/kservice.o
                0x08003b2c                rt_sprintf
 .text.rt_console_get_device
                0x08003b58       0x18 ./rt-thread/src/kservice.o
                0x08003b58                rt_console_get_device
 .text.rt_console_set_device
                0x08003b70       0x4c ./rt-thread/src/kservice.o
                0x08003b70                rt_console_set_device
 .text.rt_hw_console_output
                0x08003bbc       0x14 ./rt-thread/src/kservice.o
                0x08003bbc                rt_hw_console_output
 .text.rt_kprintf
                0x08003bd0       0x80 ./rt-thread/src/kservice.o
                0x08003bd0                rt_kprintf
 .text.rt_assert_handler
                0x08003c50       0x4c ./rt-thread/src/kservice.o
                0x08003c50                rt_assert_handler
 .text.plug_holes
                0x08003c9c      0x100 ./rt-thread/src/mem.o
 .text.rt_system_heap_init
                0x08003d9c      0x118 ./rt-thread/src/mem.o
                0x08003d9c                rt_system_heap_init
 .text.rt_malloc
                0x08003eb4      0x294 ./rt-thread/src/mem.o
                0x08003eb4                rt_malloc
 .text.rt_realloc
                0x08004148      0x198 ./rt-thread/src/mem.o
                0x08004148                rt_realloc
 .text.rt_calloc
                0x080042e0       0x3c ./rt-thread/src/mem.o
                0x080042e0                rt_calloc
 .text.rt_free  0x0800431c      0x188 ./rt-thread/src/mem.o
                0x0800431c                rt_free
 .text.list_mem
                0x080044a4       0x44 ./rt-thread/src/mem.o
                0x080044a4                list_mem
 .text.rt_list_insert_after
                0x080044e8       0x34 ./rt-thread/src/object.o
 .text.rt_list_remove
                0x0800451c       0x38 ./rt-thread/src/object.o
 .text.rt_object_get_information
                0x08004554       0x48 ./rt-thread/src/object.o
                0x08004554                rt_object_get_information
 .text.rt_object_init
                0x0800459c       0xc8 ./rt-thread/src/object.o
                0x0800459c                rt_object_init
 .text.rt_object_detach
                0x08004664       0x5c ./rt-thread/src/object.o
                0x08004664                rt_object_detach
 .text.rt_object_allocate
                0x080046c0       0xd8 ./rt-thread/src/object.o
                0x080046c0                rt_object_allocate
 .text.rt_object_delete
                0x08004798       0x7c ./rt-thread/src/object.o
                0x08004798                rt_object_delete
 .text.rt_object_is_systemobject
                0x08004814       0x3c ./rt-thread/src/object.o
                0x08004814                rt_object_is_systemobject
 .text.rt_object_get_type
                0x08004850       0x34 ./rt-thread/src/object.o
                0x08004850                rt_object_get_type
 .text.rt_list_init
                0x08004884       0x24 ./rt-thread/src/scheduler.o
 .text.rt_list_insert_before
                0x080048a8       0x34 ./rt-thread/src/scheduler.o
 .text.rt_list_remove
                0x080048dc       0x38 ./rt-thread/src/scheduler.o
 .text.rt_list_isempty
                0x08004914       0x24 ./rt-thread/src/scheduler.o
 .text._rt_scheduler_stack_check
                0x08004938       0x98 ./rt-thread/src/scheduler.o
 .text._get_highest_priority_thread
                0x080049d0       0x38 ./rt-thread/src/scheduler.o
 .text.rt_system_scheduler_init
                0x08004a08       0x40 ./rt-thread/src/scheduler.o
                0x08004a08                rt_system_scheduler_init
 .text.rt_system_scheduler_start
                0x08004a48       0x38 ./rt-thread/src/scheduler.o
                0x08004a48                rt_system_scheduler_start
 .text.rt_schedule
                0x08004a80      0x188 ./rt-thread/src/scheduler.o
                0x08004a80                rt_schedule
 .text.rt_schedule_insert_thread
                0x08004c08       0xac ./rt-thread/src/scheduler.o
                0x08004c08                rt_schedule_insert_thread
 .text.rt_schedule_remove_thread
                0x08004cb4       0x70 ./rt-thread/src/scheduler.o
                0x08004cb4                rt_schedule_remove_thread
 .text.rt_enter_critical
                0x08004d24       0x2c ./rt-thread/src/scheduler.o
                0x08004d24                rt_enter_critical
 .text.rt_exit_critical
                0x08004d50       0x54 ./rt-thread/src/scheduler.o
                0x08004d50                rt_exit_critical
 .text.rt_list_init
                0x08004da4       0x24 ./rt-thread/src/thread.o
 .text.rt_list_insert_after
                0x08004dc8       0x34 ./rt-thread/src/thread.o
 .text.rt_list_remove
                0x08004dfc       0x38 ./rt-thread/src/thread.o
 .text.rt_thread_exit
                0x08004e34       0x68 ./rt-thread/src/thread.o
                0x08004e34                rt_thread_exit
 .text._rt_thread_init
                0x08004e9c       0xf8 ./rt-thread/src/thread.o
 .text.rt_thread_init
                0x08004f94       0x6c ./rt-thread/src/thread.o
                0x08004f94                rt_thread_init
 .text.rt_thread_self
                0x08005000       0x18 ./rt-thread/src/thread.o
                0x08005000                rt_thread_self
 .text.rt_thread_startup
                0x08005018       0xa0 ./rt-thread/src/thread.o
                0x08005018                rt_thread_startup
 .text.rt_thread_create
                0x080050b8       0x64 ./rt-thread/src/thread.o
                0x080050b8                rt_thread_create
 .text.rt_thread_delete
                0x0800511c       0xa8 ./rt-thread/src/thread.o
                0x0800511c                rt_thread_delete
 .text.rt_thread_yield
                0x080051c4       0x10 ./rt-thread/src/thread.o
                0x080051c4                rt_thread_yield
 .text.rt_thread_sleep
                0x080051d4       0x8c ./rt-thread/src/thread.o
                0x080051d4                rt_thread_sleep
 .text.rt_thread_delay
                0x08005260       0x18 ./rt-thread/src/thread.o
                0x08005260                rt_thread_delay
 .text.rt_thread_mdelay
                0x08005278       0x20 ./rt-thread/src/thread.o
                0x08005278                rt_thread_mdelay
 .text.rt_thread_control
                0x08005298       0xd4 ./rt-thread/src/thread.o
                0x08005298                rt_thread_control
 .text.rt_thread_suspend
                0x0800536c       0xcc ./rt-thread/src/thread.o
                0x0800536c                rt_thread_suspend
 .text.rt_thread_resume
                0x08005438       0x98 ./rt-thread/src/thread.o
                0x08005438                rt_thread_resume
 .text.rt_thread_timeout
                0x080054d0       0x84 ./rt-thread/src/thread.o
                0x080054d0                rt_thread_timeout
 .text.rt_thread_find
                0x08005554       0x94 ./rt-thread/src/thread.o
                0x08005554                rt_thread_find
 .text.rt_list_init
                0x080055e8       0x24 ./rt-thread/src/timer.o
 .text.rt_list_insert_after
                0x0800560c       0x34 ./rt-thread/src/timer.o
 .text.rt_list_remove
                0x08005640       0x38 ./rt-thread/src/timer.o
 .text.rt_list_isempty
                0x08005678       0x24 ./rt-thread/src/timer.o
 .text._rt_timer_init
                0x0800569c       0x68 ./rt-thread/src/timer.o
 .text.rt_timer_list_next_timeout
                0x08005704       0x30 ./rt-thread/src/timer.o
 .text._rt_timer_remove
                0x08005734       0x34 ./rt-thread/src/timer.o
 .text.rt_timer_init
                0x08005768       0x48 ./rt-thread/src/timer.o
                0x08005768                rt_timer_init
 .text.rt_timer_detach
                0x080057b0       0x7c ./rt-thread/src/timer.o
                0x080057b0                rt_timer_detach
 .text.rt_timer_start
                0x0800582c      0x23c ./rt-thread/src/timer.o
                0x0800582c                rt_timer_start
 .text.rt_timer_stop
                0x08005a68       0x94 ./rt-thread/src/timer.o
                0x08005a68                rt_timer_stop
 .text.rt_timer_control
                0x08005afc       0xa0 ./rt-thread/src/timer.o
                0x08005afc                rt_timer_control
 .text.rt_timer_check
                0x08005b9c       0xcc ./rt-thread/src/timer.o
                0x08005b9c                rt_timer_check
 .text.rt_soft_timer_check
                0x08005c68       0xd8 ./rt-thread/src/timer.o
                0x08005c68                rt_soft_timer_check
 .text.rt_thread_timer_entry
                0x08005d40       0x58 ./rt-thread/src/timer.o
 .text.rt_system_timer_init
                0x08005d98       0x34 ./rt-thread/src/timer.o
                0x08005d98                rt_system_timer_init
 .text.rt_system_timer_thread_init
                0x08005dcc       0x68 ./rt-thread/src/timer.o
                0x08005dcc                rt_system_timer_thread_init
 .text.rt_hw_stack_init
                0x08005e34       0x90 ./rt-thread/libcpu/arm/cortex-m7/cpuport.o
                0x08005e34                rt_hw_stack_init
 .text.usage_fault_track
                0x08005ec4       0xc4 ./rt-thread/libcpu/arm/cortex-m7/cpuport.o
 .text.bus_fault_track
                0x08005f88       0xcc ./rt-thread/libcpu/arm/cortex-m7/cpuport.o
 .text.mem_manage_fault_track
                0x08006054       0xb4 ./rt-thread/libcpu/arm/cortex-m7/cpuport.o
 .text.hard_fault_track
                0x08006108       0x78 ./rt-thread/libcpu/arm/cortex-m7/cpuport.o
 .text.rt_hw_hard_fault_exception
                0x08006180      0x184 ./rt-thread/libcpu/arm/cortex-m7/cpuport.o
                0x08006180                rt_hw_hard_fault_exception
 .text.rt_hw_cpu_reset
                0x08006304       0x1c ./rt-thread/libcpu/arm/cortex-m7/cpuport.o
                0x08006304                rt_hw_cpu_reset
 .text.__rt_ffs
                0x08006320       0x2c ./rt-thread/libcpu/arm/cortex-m7/cpuport.o
                0x08006320                __rt_ffs
 .text.sal_init
                0x0800634c       0xa0 ./rt-thread/components/net/sal_socket/src/sal_socket.o
                0x0800634c                sal_init
 .text.check_netdev_internet_up_work
                0x080063ec      0x2d8 ./rt-thread/components/net/sal_socket/src/sal_socket.o
 .text.sal_check_netdev_internet_up
                0x080066c4       0x84 ./rt-thread/components/net/sal_socket/src/sal_socket.o
                0x080066c4                sal_check_netdev_internet_up
 .text.sal_get_socket
                0x08006748       0x64 ./rt-thread/components/net/sal_socket/src/sal_socket.o
                0x08006748                sal_get_socket
 .text.sal_lock
                0x080067ac       0x38 ./rt-thread/components/net/sal_socket/src/sal_socket.o
 .text.sal_unlock
                0x080067e4       0x14 ./rt-thread/components/net/sal_socket/src/sal_socket.o
 .text.socket_init
                0x080067f8       0xec ./rt-thread/components/net/sal_socket/src/sal_socket.o
 .text.socket_alloc
                0x080068e4       0xf8 ./rt-thread/components/net/sal_socket/src/sal_socket.o
 .text.socket_free
                0x080069dc       0x34 ./rt-thread/components/net/sal_socket/src/sal_socket.o
 .text.socket_new
                0x08006a10       0x68 ./rt-thread/components/net/sal_socket/src/sal_socket.o
 .text.socket_delete
                0x08006a78       0x70 ./rt-thread/components/net/sal_socket/src/sal_socket.o
 .text.sal_connect
                0x08006ae8       0x6c ./rt-thread/components/net/sal_socket/src/sal_socket.o
                0x08006ae8                sal_connect
 .text.sal_recvfrom
                0x08006b54       0x74 ./rt-thread/components/net/sal_socket/src/sal_socket.o
                0x08006b54                sal_recvfrom
 .text.sal_sendto
                0x08006bc8       0x74 ./rt-thread/components/net/sal_socket/src/sal_socket.o
                0x08006bc8                sal_sendto
 .text.sal_socket
                0x08006c3c       0xbc ./rt-thread/components/net/sal_socket/src/sal_socket.o
                0x08006c3c                sal_socket
 .text.sal_closesocket
                0x08006cf8       0x68 ./rt-thread/components/net/sal_socket/src/sal_socket.o
                0x08006cf8                sal_closesocket
 .text.sal_getaddrinfo
                0x08006d60       0xa4 ./rt-thread/components/net/sal_socket/src/sal_socket.o
                0x08006d60                sal_getaddrinfo
 .text.sal_freeaddrinfo
                0x08006e04       0x88 ./rt-thread/components/net/sal_socket/src/sal_socket.o
                0x08006e04                sal_freeaddrinfo
 .text.freeaddrinfo
                0x08006e8c       0x18 ./rt-thread/components/net/sal_socket/socket/net_netdb.o
                0x08006e8c                freeaddrinfo
 .text.getaddrinfo
                0x08006ea4       0x24 ./rt-thread/components/net/sal_socket/socket/net_netdb.o
                0x08006ea4                getaddrinfo
 .text.sal_at_netdev_set_pf_info
                0x08006ec8       0x34 ./rt-thread/components/net/sal_socket/impl/af_inet_at.o
                0x08006ec8                sal_at_netdev_set_pf_info
 .text.rt_slist_init
                0x08006efc       0x1c ./rt-thread/components/net/netdev/src/netdev.o
 .text.rt_slist_append
                0x08006f18       0x38 ./rt-thread/components/net/netdev/src/netdev.o
 .text.rt_slist_next
                0x08006f50       0x18 ./rt-thread/components/net/netdev/src/netdev.o
 .text.netdev_register
                0x08006f68       0xfc ./rt-thread/components/net/netdev/src/netdev.o
                0x08006f68                netdev_register
 .text.netdev_get_first_by_flags
                0x08007064       0x70 ./rt-thread/components/net/netdev/src/netdev.o
                0x08007064                netdev_get_first_by_flags
 .text.netdev_get_by_name
                0x080070d4       0x80 ./rt-thread/components/net/netdev/src/netdev.o
                0x080070d4                netdev_get_by_name
 .text.netdev_get_by_family
                0x08007154       0xd8 ./rt-thread/components/net/netdev/src/netdev.o
                0x08007154                netdev_get_by_family
 .text.netdev_family_get
                0x0800722c       0x30 ./rt-thread/components/net/netdev/src/netdev.o
                0x0800722c                netdev_family_get
 .text.netdev_set_default
                0x0800725c       0x34 ./rt-thread/components/net/netdev/src/netdev.o
                0x0800725c                netdev_set_default
 .text.netdev_set_ipaddr
                0x08007290       0xc0 ./rt-thread/components/net/netdev/src/netdev.o
                0x08007290                netdev_set_ipaddr
 .text.netdev_set_netmask
                0x08007350       0xc0 ./rt-thread/components/net/netdev/src/netdev.o
                0x08007350                netdev_set_netmask
 .text.netdev_set_gw
                0x08007410       0xc0 ./rt-thread/components/net/netdev/src/netdev.o
                0x08007410                netdev_set_gw
 .text.netdev_set_dns_server
                0x080074d0       0xbc ./rt-thread/components/net/netdev/src/netdev.o
                0x080074d0                netdev_set_dns_server
 .text.netdev_low_level_set_ipaddr
                0x0800758c       0x78 ./rt-thread/components/net/netdev/src/netdev.o
                0x0800758c                netdev_low_level_set_ipaddr
 .text.netdev_low_level_set_dns_server
                0x08007604       0x88 ./rt-thread/components/net/netdev/src/netdev.o
                0x08007604                netdev_low_level_set_dns_server
 .text.netdev_auto_change_default
                0x0800768c       0x40 ./rt-thread/components/net/netdev/src/netdev.o
 .text.netdev_low_level_set_status
                0x080076cc       0x70 ./rt-thread/components/net/netdev/src/netdev.o
                0x080076cc                netdev_low_level_set_status
 .text.netdev_low_level_set_link_status
                0x0800773c       0xa8 ./rt-thread/components/net/netdev/src/netdev.o
                0x0800773c                netdev_low_level_set_link_status
 .text.netdev_low_level_set_dhcp_status
                0x080077e4       0x74 ./rt-thread/components/net/netdev/src/netdev.o
                0x080077e4                netdev_low_level_set_dhcp_status
 .text.netdev_list_if
                0x08007858      0x2a4 ./rt-thread/components/net/netdev/src/netdev.o
 .text.netdev_set_if
                0x08007afc       0xa0 ./rt-thread/components/net/netdev/src/netdev.o
 .text.netdev_ifconfig
                0x08007b9c       0x98 ./rt-thread/components/net/netdev/src/netdev.o
                0x08007b9c                netdev_ifconfig
 .text.netdev_cmd_ping
                0x08007c34      0x21c ./rt-thread/components/net/netdev/src/netdev.o
                0x08007c34                netdev_cmd_ping
 .text.netdev_ping
                0x08007e50       0x38 ./rt-thread/components/net/netdev/src/netdev.o
                0x08007e50                netdev_ping
 .text.netdev_list_dns
                0x08007e88       0xb0 ./rt-thread/components/net/netdev/src/netdev.o
 .text.netdev_set_dns
                0x08007f38       0x64 ./rt-thread/components/net/netdev/src/netdev.o
 .text.netdev_dns
                0x08007f9c       0x78 ./rt-thread/components/net/netdev/src/netdev.o
                0x08007f9c                netdev_dns
 .text.netdev_cmd_netstat
                0x08008014       0x84 ./rt-thread/components/net/netdev/src/netdev.o
 .text.netdev_netstat
                0x08008098       0x2c ./rt-thread/components/net/netdev/src/netdev.o
                0x08008098                netdev_netstat
 .text.netdev_ip4addr_aton
                0x080080c4      0x28c ./rt-thread/components/net/netdev/src/netdev_ipaddr.o
                0x080080c4                netdev_ip4addr_aton
 .text.netdev_ip4addr_ntoa_r
                0x08008350      0x104 ./rt-thread/components/net/netdev/src/netdev_ipaddr.o
                0x08008350                netdev_ip4addr_ntoa_r
 .text.netdev_ip4addr_ntoa
                0x08008454       0x20 ./rt-thread/components/net/netdev/src/netdev_ipaddr.o
                0x08008454                netdev_ip4addr_ntoa
 .text.console_getchar
                0x08008474       0x30 ./rt-thread/components/net/at/src/at_cli.o
 .text.console_getchar_rx_ind
                0x080084a4       0x5c ./rt-thread/components/net/at/src/at_cli.o
 .text.at_cli_init
                0x08008500       0x80 ./rt-thread/components/net/at/src/at_cli.o
                0x08008500                at_cli_init
 .text.at_cli_deinit
                0x08008580       0x58 ./rt-thread/components/net/at/src/at_cli.o
                0x08008580                at_cli_deinit
 .text.client_getchar
                0x080085d8       0x30 ./rt-thread/components/net/at/src/at_cli.o
 .text.at_client_entry
                0x08008608       0x20 ./rt-thread/components/net/at/src/at_cli.o
 .text.client_getchar_rx_ind
                0x08008628       0x5c ./rt-thread/components/net/at/src/at_cli.o
 .text.client_cli_parser
                0x08008684      0x1d0 ./rt-thread/components/net/at/src/at_cli.o
 .text.at       0x08008854       0xc0 ./rt-thread/components/net/at/src/at_cli.o
 .text.at_create_resp
                0x08008914       0x9c ./rt-thread/components/net/at/src/at_client.o
                0x08008914                at_create_resp
 .text.at_delete_resp
                0x080089b0       0x38 ./rt-thread/components/net/at/src/at_client.o
                0x080089b0                at_delete_resp
 .text.at_resp_set_info
                0x080089e8       0x6c ./rt-thread/components/net/at/src/at_client.o
                0x080089e8                at_resp_set_info
 .text.at_resp_get_line
                0x08008a54       0xa4 ./rt-thread/components/net/at/src/at_client.o
                0x08008a54                at_resp_get_line
 .text.at_resp_get_line_by_kw
                0x08008af8       0x8c ./rt-thread/components/net/at/src/at_client.o
                0x08008af8                at_resp_get_line_by_kw
 .text.at_resp_parse_line_args
                0x08008b84       0x78 ./rt-thread/components/net/at/src/at_client.o
                0x08008b84                at_resp_parse_line_args
 .text.at_resp_parse_line_args_by_kw
                0x08008bfc       0x78 ./rt-thread/components/net/at/src/at_client.o
                0x08008bfc                at_resp_parse_line_args_by_kw
 .text.at_obj_exec_cmd
                0x08008c74      0x144 ./rt-thread/components/net/at/src/at_client.o
                0x08008c74                at_obj_exec_cmd
 .text.at_client_obj_wait_connect
                0x08008db8      0x12c ./rt-thread/components/net/at/src/at_client.o
                0x08008db8                at_client_obj_wait_connect
 .text.at_client_obj_send
                0x08008ee4       0x68 ./rt-thread/components/net/at/src/at_client.o
                0x08008ee4                at_client_obj_send
 .text.at_client_getchar
                0x08008f4c       0x60 ./rt-thread/components/net/at/src/at_client.o
 .text.at_client_obj_recv
                0x08008fac       0xb0 ./rt-thread/components/net/at/src/at_client.o
                0x08008fac                at_client_obj_recv
 .text.at_obj_set_end_sign
                0x0800905c       0x40 ./rt-thread/components/net/at/src/at_client.o
                0x0800905c                at_obj_set_end_sign
 .text.at_obj_set_urc_table
                0x0800909c      0x17c ./rt-thread/components/net/at/src/at_client.o
                0x0800909c                at_obj_set_urc_table
 .text.at_client_get
                0x08009218       0x70 ./rt-thread/components/net/at/src/at_client.o
                0x08009218                at_client_get
 .text.at_client_get_first
                0x08009288       0x20 ./rt-thread/components/net/at/src/at_client.o
                0x08009288                at_client_get_first
 .text.get_urc_obj
                0x080092a8       0xf0 ./rt-thread/components/net/at/src/at_client.o
 .text.at_recv_readline
                0x08009398       0xe8 ./rt-thread/components/net/at/src/at_client.o
 .text.client_parser
                0x08009480      0x170 ./rt-thread/components/net/at/src/at_client.o
 .text.at_client_rx_ind
                0x080095f0       0x60 ./rt-thread/components/net/at/src/at_client.o
 .text.at_client_para_init
                0x08009650      0x22c ./rt-thread/components/net/at/src/at_client.o
 .text.at_client_init
                0x0800987c      0x1c4 ./rt-thread/components/net/at/src/at_client.o
                0x0800987c                at_client_init
 .text.at_get_last_cmd
                0x08009a40       0x28 ./rt-thread/components/net/at/src/at_utils.o
                0x08009a40                at_get_last_cmd
 .text.at_vprintf
                0x08009a68       0x44 ./rt-thread/components/net/at/src/at_utils.o
                0x08009a68                at_vprintf
 .text.at_vprintfln
                0x08009aac       0x34 ./rt-thread/components/net/at/src/at_utils.o
                0x08009aac                at_vprintfln
 .text.rt_slist_init
                0x08009ae0       0x1c ./rt-thread/components/net/at/at_socket/at_socket.o
 .text.rt_slist_append
                0x08009afc       0x38 ./rt-thread/components/net/at/at_socket/at_socket.o
 .text.rt_slist_insert
                0x08009b34       0x24 ./rt-thread/components/net/at/at_socket/at_socket.o
 .text.rt_slist_remove
                0x08009b58       0x48 ./rt-thread/components/net/at/at_socket/at_socket.o
 .text.rt_slist_first
                0x08009ba0       0x18 ./rt-thread/components/net/at/at_socket/at_socket.o
 .text.rt_slist_next
                0x08009bb8       0x18 ./rt-thread/components/net/at/at_socket/at_socket.o
 .text.rt_slist_isempty
                0x08009bd0       0x24 ./rt-thread/components/net/at/at_socket/at_socket.o
 .text.at_get_socket
                0x08009bf4       0x68 ./rt-thread/components/net/at/at_socket/at_socket.o
                0x08009bf4                at_get_socket
 .text.at_recvpkt_put
                0x08009c5c       0x68 ./rt-thread/components/net/at/at_socket/at_socket.o
 .text.at_recvpkt_all_delete
                0x08009cc4       0x68 ./rt-thread/components/net/at/at_socket/at_socket.o
 .text.at_recvpkt_node_delete
                0x08009d2c       0x58 ./rt-thread/components/net/at/at_socket/at_socket.o
 .text.at_recvpkt_get
                0x08009d84       0xe4 ./rt-thread/components/net/at/at_socket/at_socket.o
 .text.at_do_event_changes
                0x08009e68       0xc4 ./rt-thread/components/net/at/at_socket/at_socket.o
 .text.at_do_event_clean
                0x08009f2c       0x5c ./rt-thread/components/net/at/at_socket/at_socket.o
 .text.alloc_empty_socket
                0x08009f88       0x74 ./rt-thread/components/net/at/at_socket/at_socket.o
 .text.alloc_socket_by_device
                0x08009ffc      0x1cc ./rt-thread/components/net/at/at_socket/at_socket.o
 .text.alloc_socket
                0x0800a1c8       0x7c ./rt-thread/components/net/at/at_socket/at_socket.o
 .text.at_socket
                0x0800a244       0x98 ./rt-thread/components/net/at/at_socket/at_socket.o
                0x0800a244                at_socket
 .text.free_socket
                0x0800a2dc       0xb8 ./rt-thread/components/net/at/at_socket/at_socket.o
 .text.at_closesocket
                0x0800a394       0x6c ./rt-thread/components/net/at/at_socket/at_socket.o
                0x0800a394                at_closesocket
 .text.at_shutdown
                0x0800a400       0x60 ./rt-thread/components/net/at/at_socket/at_socket.o
                0x0800a400                at_shutdown
 .text.socketaddr_to_ipaddr_port
                0x0800a460       0x34 ./rt-thread/components/net/at/at_socket/at_socket.o
 .text.at_bind  0x0800a494       0xb4 ./rt-thread/components/net/at/at_socket/at_socket.o
                0x0800a494                at_bind
 .text.ipaddr_to_ipstr
                0x0800a548       0x54 ./rt-thread/components/net/at/at_socket/at_socket.o
 .text.at_recv_notice_cb
                0x0800a59c       0x90 ./rt-thread/components/net/at/at_socket/at_socket.o
 .text.at_closed_notice_cb
                0x0800a62c       0x64 ./rt-thread/components/net/at/at_socket/at_socket.o
 .text.at_connect
                0x0800a690      0x114 ./rt-thread/components/net/at/at_socket/at_socket.o
                0x0800a690                at_connect
 .text.at_recvfrom
                0x0800a7a4      0x278 ./rt-thread/components/net/at/at_socket/at_socket.o
                0x0800a7a4                at_recvfrom
 .text.at_sendto
                0x0800aa1c      0x1d8 ./rt-thread/components/net/at/at_socket/at_socket.o
                0x0800aa1c                at_sendto
 .text.at_getsockopt
                0x0800abf4      0x134 ./rt-thread/components/net/at/at_socket/at_socket.o
                0x0800abf4                at_getsockopt
 .text.at_setsockopt
                0x0800ad28      0x10c ./rt-thread/components/net/at/at_socket/at_socket.o
                0x0800ad28                at_setsockopt
 .text.ipstr_atol
                0x0800ae34       0x94 ./rt-thread/components/net/at/at_socket/at_socket.o
 .text.ipstr_to_u32
                0x0800aec8       0x5c ./rt-thread/components/net/at/at_socket/at_socket.o
 .text.at_gethostbyname
                0x0800af24      0x140 ./rt-thread/components/net/at/at_socket/at_socket.o
                0x0800af24                at_gethostbyname
 .text.at_getaddrinfo
                0x0800b064      0x278 ./rt-thread/components/net/at/at_socket/at_socket.o
                0x0800b064                at_getaddrinfo
 .text.at_freeaddrinfo
                0x0800b2dc       0x28 ./rt-thread/components/net/at/at_socket/at_socket.o
                0x0800b2dc                at_freeaddrinfo
 .text.libc_system_init
                0x0800b304       0x10 ./rt-thread/components/libc/compilers/newlib/libc.o
                0x0800b304                libc_system_init
 .text.__errno  0x0800b314       0x10 ./rt-thread/components/libc/compilers/newlib/syscalls.o
                0x0800b314                __errno
 .text._close_r
                0x0800b324       0x18 ./rt-thread/components/libc/compilers/newlib/syscalls.o
                0x0800b324                _close_r
 .text._fstat_r
                0x0800b33c       0x24 ./rt-thread/components/libc/compilers/newlib/syscalls.o
                0x0800b33c                _fstat_r
 .text._isatty_r
                0x0800b360       0x30 ./rt-thread/components/libc/compilers/newlib/syscalls.o
                0x0800b360                _isatty_r
 .text._lseek_r
                0x0800b390       0x1c ./rt-thread/components/libc/compilers/newlib/syscalls.o
                0x0800b390                _lseek_r
 .text._read_r  0x0800b3ac       0x1c ./rt-thread/components/libc/compilers/newlib/syscalls.o
                0x0800b3ac                _read_r
 .text._write_r
                0x0800b3c8       0x50 ./rt-thread/components/libc/compilers/newlib/syscalls.o
                0x0800b3c8                _write_r
 .text._malloc_r
                0x0800b418       0x28 ./rt-thread/components/libc/compilers/newlib/syscalls.o
                0x0800b418                _malloc_r
 .text._realloc_r
                0x0800b440       0x2c ./rt-thread/components/libc/compilers/newlib/syscalls.o
                0x0800b440                _realloc_r
 .text._calloc_r
                0x0800b46c       0x2c ./rt-thread/components/libc/compilers/newlib/syscalls.o
                0x0800b46c                _calloc_r
 .text._free_r  0x0800b498       0x18 ./rt-thread/components/libc/compilers/newlib/syscalls.o
                0x0800b498                _free_r
 .text.rt_list_isempty
                0x0800b4b0       0x24 ./rt-thread/components/finsh/cmd.o
 .text.rt_list_len
                0x0800b4d4       0x38 ./rt-thread/components/finsh/cmd.o
 .text.hello    0x0800b50c       0x14 ./rt-thread/components/finsh/cmd.o
                0x0800b50c                hello
 .text.version  0x0800b520       0x10 ./rt-thread/components/finsh/cmd.o
                0x0800b520                version
 .text.object_split
                0x0800b530       0x28 ./rt-thread/components/finsh/cmd.o
 .text.list_find_init
                0x0800b558       0x48 ./rt-thread/components/finsh/cmd.o
 .text.list_get_next
                0x0800b5a0       0xc8 ./rt-thread/components/finsh/cmd.o
 .text.list_thread
                0x0800b668      0x208 ./rt-thread/components/finsh/cmd.o
                0x0800b668                list_thread
 .text.show_wait_queue
                0x0800b870       0x50 ./rt-thread/components/finsh/cmd.o
 .text.list_sem
                0x0800b8c0      0x12c ./rt-thread/components/finsh/cmd.o
                0x0800b8c0                list_sem
 .text.list_event
                0x0800b9ec      0x118 ./rt-thread/components/finsh/cmd.o
                0x0800b9ec                list_event
 .text.list_mutex
                0x0800bb04       0xe8 ./rt-thread/components/finsh/cmd.o
                0x0800bb04                list_mutex
 .text.list_mailbox
                0x0800bbec      0x13c ./rt-thread/components/finsh/cmd.o
                0x0800bbec                list_mailbox
 .text.list_msgqueue
                0x0800bd28      0x12c ./rt-thread/components/finsh/cmd.o
                0x0800bd28                list_msgqueue
 .text.list_mempool
                0x0800be54      0x144 ./rt-thread/components/finsh/cmd.o
                0x0800be54                list_mempool
 .text.list_timer
                0x0800bf98      0x108 ./rt-thread/components/finsh/cmd.o
                0x0800bf98                list_timer
 .text.list_device
                0x0800c0a0       0xf0 ./rt-thread/components/finsh/cmd.o
                0x0800c0a0                list_device
 .text.list     0x0800c190       0x6c ./rt-thread/components/finsh/cmd.o
                0x0800c190                list
 .text.msh_is_used
                0x0800c1fc       0x10 ./rt-thread/components/finsh/msh.o
                0x0800c1fc                msh_is_used
 .text.msh_help
                0x0800c20c       0x7c ./rt-thread/components/finsh/msh.o
                0x0800c20c                msh_help
 .text.cmd_ps   0x0800c288       0x18 ./rt-thread/components/finsh/msh.o
                0x0800c288                cmd_ps
 .text.cmd_free
                0x0800c2a0       0x18 ./rt-thread/components/finsh/msh.o
                0x0800c2a0                cmd_free
 .text.msh_split
                0x0800c2b8      0x170 ./rt-thread/components/finsh/msh.o
 .text.msh_get_cmd
                0x0800c428       0x80 ./rt-thread/components/finsh/msh.o
 .text._msh_exec_cmd
                0x0800c4a8       0xd4 ./rt-thread/components/finsh/msh.o
 .text.msh_exec
                0x0800c57c       0x84 ./rt-thread/components/finsh/msh.o
                0x0800c57c                msh_exec
 .text.str_common
                0x0800c600       0x4c ./rt-thread/components/finsh/msh.o
 .text.msh_auto_complete
                0x0800c64c       0xd0 ./rt-thread/components/finsh/msh.o
                0x0800c64c                msh_auto_complete
 .text.finsh_get_prompt
                0x0800c71c       0xa0 ./rt-thread/components/finsh/shell.o
                0x0800c71c                finsh_get_prompt
 .text.finsh_set_prompt_mode
                0x0800c7bc       0x48 ./rt-thread/components/finsh/shell.o
                0x0800c7bc                finsh_set_prompt_mode
 .text.finsh_getchar
                0x0800c804       0x5c ./rt-thread/components/finsh/shell.o
 .text.finsh_rx_ind
                0x0800c860       0x3c ./rt-thread/components/finsh/shell.o
 .text.finsh_set_device
                0x0800c89c       0xd8 ./rt-thread/components/finsh/shell.o
                0x0800c89c                finsh_set_device
 .text.shell_auto_complete
                0x0800c974       0x40 ./rt-thread/components/finsh/shell.o
 .text.shell_handle_history
                0x0800c9b4       0x34 ./rt-thread/components/finsh/shell.o
 .text.shell_push_history
                0x0800c9e8      0x160 ./rt-thread/components/finsh/shell.o
 .text.finsh_thread_entry
                0x0800cb48      0x5d8 ./rt-thread/components/finsh/shell.o
                0x0800cb48                finsh_thread_entry
 .text.finsh_system_function_init
                0x0800d120       0x2c ./rt-thread/components/finsh/shell.o
                0x0800d120                finsh_system_function_init
 .text.finsh_system_var_init
                0x0800d14c       0x2c ./rt-thread/components/finsh/shell.o
                0x0800d14c                finsh_system_var_init
 .text.finsh_system_init
                0x0800d178       0xac ./rt-thread/components/finsh/shell.o
                0x0800d178                finsh_system_init
 .text.rt_list_init
                0x0800d224       0x24 ./rt-thread/components/drivers/src/completion.o
 .text.rt_list_insert_before
                0x0800d248       0x34 ./rt-thread/components/drivers/src/completion.o
 .text.rt_list_isempty
                0x0800d27c       0x24 ./rt-thread/components/drivers/src/completion.o
 .text.rt_completion_init
                0x0800d2a0       0x44 ./rt-thread/components/drivers/src/completion.o
                0x0800d2a0                rt_completion_init
 .text.rt_completion_wait
                0x0800d2e4       0xfc ./rt-thread/components/drivers/src/completion.o
                0x0800d2e4                rt_completion_wait
 .text.rt_completion_done
                0x0800d3e0       0x70 ./rt-thread/components/drivers/src/completion.o
                0x0800d3e0                rt_completion_done
 .text.rt_ringbuffer_status
                0x0800d450       0x50 ./rt-thread/components/drivers/src/ringbuffer.o
 .text.rt_ringbuffer_init
                0x0800d4a0       0xa4 ./rt-thread/components/drivers/src/ringbuffer.o
                0x0800d4a0                rt_ringbuffer_init
 .text.rt_ringbuffer_put_force
                0x0800d544      0x1d0 ./rt-thread/components/drivers/src/ringbuffer.o
                0x0800d544                rt_ringbuffer_put_force
 .text.rt_ringbuffer_getchar
                0x0800d714       0xb4 ./rt-thread/components/drivers/src/ringbuffer.o
                0x0800d714                rt_ringbuffer_getchar
 .text.rt_ringbuffer_data_len
                0x0800d7c8       0x84 ./rt-thread/components/drivers/src/ringbuffer.o
                0x0800d7c8                rt_ringbuffer_data_len
 .text.rt_ringbuffer_create
                0x0800d84c       0x74 ./rt-thread/components/drivers/src/ringbuffer.o
                0x0800d84c                rt_ringbuffer_create
 .text.rt_ringbuffer_destroy
                0x0800d8c0       0x3c ./rt-thread/components/drivers/src/ringbuffer.o
                0x0800d8c0                rt_ringbuffer_destroy
 .text.rt_list_init
                0x0800d8fc       0x24 ./rt-thread/components/drivers/src/workqueue.o
 .text.rt_list_insert_after
                0x0800d920       0x34 ./rt-thread/components/drivers/src/workqueue.o
 .text.rt_list_remove
                0x0800d954       0x38 ./rt-thread/components/drivers/src/workqueue.o
 .text.rt_list_isempty
                0x0800d98c       0x24 ./rt-thread/components/drivers/src/workqueue.o
 .text.rt_work_init
                0x0800d9b0       0x3c ./rt-thread/components/drivers/src/workqueue.o
 .text._workqueue_work_completion
                0x0800d9ec       0x4c ./rt-thread/components/drivers/src/workqueue.o
 .text._workqueue_thread_entry
                0x0800da38       0xa0 ./rt-thread/components/drivers/src/workqueue.o
 .text._workqueue_submit_work
                0x0800dad8       0x90 ./rt-thread/components/drivers/src/workqueue.o
 .text._workqueue_cancel_work
                0x0800db68       0x4c ./rt-thread/components/drivers/src/workqueue.o
 .text._workqueue_cancel_delayed_work
                0x0800dbb4       0xa4 ./rt-thread/components/drivers/src/workqueue.o
 .text._workqueue_submit_delayed_work
                0x0800dc58       0xbc ./rt-thread/components/drivers/src/workqueue.o
 .text._delayed_work_timeout_handler
                0x0800dd14       0x5c ./rt-thread/components/drivers/src/workqueue.o
 .text.rt_workqueue_create
                0x0800dd70       0x8c ./rt-thread/components/drivers/src/workqueue.o
                0x0800dd70                rt_workqueue_create
 .text.rt_workqueue_submit_work
                0x0800ddfc       0x7c ./rt-thread/components/drivers/src/workqueue.o
                0x0800ddfc                rt_workqueue_submit_work
 .text.rt_delayed_work_init
                0x0800de78       0x20 ./rt-thread/components/drivers/src/workqueue.o
                0x0800de78                rt_delayed_work_init
 .text.rt_work_submit
                0x0800de98       0x28 ./rt-thread/components/drivers/src/workqueue.o
                0x0800de98                rt_work_submit
 .text.rt_work_sys_workqueue_init
                0x0800dec0       0x30 ./rt-thread/components/drivers/src/workqueue.o
                0x0800dec0                rt_work_sys_workqueue_init
 .text._serial_poll_rx
                0x0800def0       0x74 ./rt-thread/components/drivers/serial/serial.o
 .text._serial_poll_tx
                0x0800df64       0x7c ./rt-thread/components/drivers/serial/serial.o
 .text._serial_int_rx
                0x0800dfe0       0xd8 ./rt-thread/components/drivers/serial/serial.o
 .text._serial_int_tx
                0x0800e0b8       0x90 ./rt-thread/components/drivers/serial/serial.o
 .text._serial_check_buffer_size
                0x0800e148       0x38 ./rt-thread/components/drivers/serial/serial.o
 .text.rt_serial_init
                0x0800e180       0x5c ./rt-thread/components/drivers/serial/serial.o
 .text.rt_serial_open
                0x0800e1dc      0x20c ./rt-thread/components/drivers/serial/serial.o
 .text.rt_serial_close
                0x0800e3e8       0xe0 ./rt-thread/components/drivers/serial/serial.o
 .text.rt_serial_read
                0x0800e4c8       0x68 ./rt-thread/components/drivers/serial/serial.o
 .text.rt_serial_write
                0x0800e530       0x68 ./rt-thread/components/drivers/serial/serial.o
 .text.rt_serial_control
                0x0800e598       0xd0 ./rt-thread/components/drivers/serial/serial.o
 .text.rt_hw_serial_register
                0x0800e668       0x9c ./rt-thread/components/drivers/serial/serial.o
                0x0800e668                rt_hw_serial_register
 .text.rt_hw_serial_isr
                0x0800e704      0x14c ./rt-thread/components/drivers/serial/serial.o
                0x0800e704                rt_hw_serial_isr
 .text.rt_sensor_cb
                0x0800e850       0x84 ./rt-thread/components/drivers/sensors/sensor.o
                0x0800e850                rt_sensor_cb
 .text.irq_callback
                0x0800e8d4       0x54 ./rt-thread/components/drivers/sensors/sensor.o
 .text.rt_sensor_irq_init
                0x0800e928       0xc4 ./rt-thread/components/drivers/sensors/sensor.o
 .text.rt_sensor_open
                0x0800e9ec      0x18c ./rt-thread/components/drivers/sensors/sensor.o
 .text.rt_sensor_close
                0x0800eb78      0x144 ./rt-thread/components/drivers/sensors/sensor.o
 .text.rt_sensor_read
                0x0800ecbc       0xdc ./rt-thread/components/drivers/sensors/sensor.o
 .text.rt_sensor_control
                0x0800ed98      0x150 ./rt-thread/components/drivers/sensors/sensor.o
 .text.rt_hw_sensor_register
                0x0800eee8      0x1ac ./rt-thread/components/drivers/sensors/sensor.o
                0x0800eee8                rt_hw_sensor_register
 .text.sensor_show_data
                0x0800f094      0x24c ./rt-thread/components/drivers/sensors/sensor_cmd.o
 .text.rx_callback
                0x0800f2e0       0x24 ./rt-thread/components/drivers/sensors/sensor_cmd.o
 .text.sensor_fifo_rx_entry
                0x0800f304       0xb0 ./rt-thread/components/drivers/sensors/sensor_cmd.o
 .text.sensor_fifo
                0x0800f3b4      0x108 ./rt-thread/components/drivers/sensors/sensor_cmd.o
 .text.sensor_irq_rx_entry
                0x0800f4bc       0x50 ./rt-thread/components/drivers/sensors/sensor_cmd.o
 .text.sensor_int
                0x0800f50c      0x108 ./rt-thread/components/drivers/sensors/sensor_cmd.o
 .text.sensor_polling
                0x0800f614       0xfc ./rt-thread/components/drivers/sensors/sensor_cmd.o
 .text.sensor   0x0800f710      0x54c ./rt-thread/components/drivers/sensors/sensor_cmd.o
 .text._pin_read
                0x0800fc5c       0x60 ./rt-thread/components/drivers/misc/pin.o
 .text._pin_write
                0x0800fcbc       0x5c ./rt-thread/components/drivers/misc/pin.o
 .text._pin_control
                0x0800fd18       0x58 ./rt-thread/components/drivers/misc/pin.o
 .text.rt_device_pin_register
                0x0800fd70       0x74 ./rt-thread/components/drivers/misc/pin.o
                0x0800fd70                rt_device_pin_register
 .text.rt_pin_attach_irq
                0x0800fde4       0x58 ./rt-thread/components/drivers/misc/pin.o
                0x0800fde4                rt_pin_attach_irq
 .text.rt_pin_irq_enable
                0x0800fe3c       0x50 ./rt-thread/components/drivers/misc/pin.o
                0x0800fe3c                rt_pin_irq_enable
 .text.rt_pin_mode
                0x0800fe8c       0x40 ./rt-thread/components/drivers/misc/pin.o
                0x0800fe8c                rt_pin_mode
 .text.rt_pin_write
                0x0800fecc       0x40 ./rt-thread/components/drivers/misc/pin.o
                0x0800fecc                rt_pin_write
 .text.rt_pin_read
                0x0800ff0c       0x3c ./rt-thread/components/drivers/misc/pin.o
                0x0800ff0c                rt_pin_read
 .text.list_new
                0x0800ff48       0x40 ./packages/ucloud_iot_sdk-latest/uiot/utils/utils_list.o
                0x0800ff48                list_new
 .text.list_destroy
                0x0800ff88       0x54 ./packages/ucloud_iot_sdk-latest/uiot/utils/utils_list.o
                0x0800ff88                list_destroy
 .text.list_rpush
                0x0800ffdc       0x70 ./packages/ucloud_iot_sdk-latest/uiot/utils/utils_list.o
                0x0800ffdc                list_rpush
 .text.list_remove
                0x0801004c       0x70 ./packages/ucloud_iot_sdk-latest/uiot/utils/utils_list.o
                0x0801004c                list_remove
 .text.list_iterator_new
                0x080100bc       0x34 ./packages/ucloud_iot_sdk-latest/uiot/utils/utils_list.o
                0x080100bc                list_iterator_new
 .text.list_iterator_new_from_node
                0x080100f0       0x34 ./packages/ucloud_iot_sdk-latest/uiot/utils/utils_list.o
                0x080100f0                list_iterator_new_from_node
 .text.list_iterator_next
                0x08010124       0x38 ./packages/ucloud_iot_sdk-latest/uiot/utils/utils_list.o
                0x08010124                list_iterator_next
 .text.list_iterator_destroy
                0x0801015c       0x1c ./packages/ucloud_iot_sdk-latest/uiot/utils/utils_list.o
                0x0801015c                list_iterator_destroy
 .text.list_node_new
                0x08010178       0x38 ./packages/ucloud_iot_sdk-latest/uiot/utils/utils_list.o
                0x08010178                list_node_new
 .text.read_tcp
                0x080101b0       0x34 ./packages/ucloud_iot_sdk-latest/uiot/utils/utils_net.o
 .text.write_tcp
                0x080101e4       0x34 ./packages/ucloud_iot_sdk-latest/uiot/utils/utils_net.o
 .text.disconnect_tcp
                0x08010218       0x30 ./packages/ucloud_iot_sdk-latest/uiot/utils/utils_net.o
 .text.connect_tcp
                0x08010248       0x44 ./packages/ucloud_iot_sdk-latest/uiot/utils/utils_net.o
 .text.utils_net_read
                0x0801028c       0x2c ./packages/ucloud_iot_sdk-latest/uiot/utils/utils_net.o
                0x0801028c                utils_net_read
 .text.utils_net_write
                0x080102b8       0x2c ./packages/ucloud_iot_sdk-latest/uiot/utils/utils_net.o
                0x080102b8                utils_net_write
 .text.utils_net_disconnect
                0x080102e4       0x20 ./packages/ucloud_iot_sdk-latest/uiot/utils/utils_net.o
                0x080102e4                utils_net_disconnect
 .text.utils_net_connect
                0x08010304       0x20 ./packages/ucloud_iot_sdk-latest/uiot/utils/utils_net.o
                0x08010304                utils_net_connect
 .text.utils_net_init
                0x08010324       0x94 ./packages/ucloud_iot_sdk-latest/uiot/utils/utils_net.o
                0x08010324                utils_net_init
 .text.has_expired
                0x080103b8       0x18 ./packages/ucloud_iot_sdk-latest/uiot/utils/utils_timer.o
                0x080103b8                has_expired
 .text.countdown_ms
                0x080103d0       0x1c ./packages/ucloud_iot_sdk-latest/uiot/utils/utils_timer.o
                0x080103d0                countdown_ms
 .text.countdown
                0x080103ec       0x1c ./packages/ucloud_iot_sdk-latest/uiot/utils/utils_timer.o
                0x080103ec                countdown
 .text.left_ms  0x08010408       0x18 ./packages/ucloud_iot_sdk-latest/uiot/utils/utils_timer.o
                0x08010408                left_ms
 .text.init_timer
                0x08010420       0x18 ./packages/ucloud_iot_sdk-latest/uiot/utils/utils_timer.o
                0x08010420                init_timer
 .text.IOT_MQTT_Construct
                0x08010438      0x238 ./packages/ucloud_iot_sdk-latest/uiot/mqtt/src/mqtt_client.o
                0x08010438                IOT_MQTT_Construct
 .text.IOT_MQTT_Destroy
                0x08010670       0xf4 ./packages/ucloud_iot_sdk-latest/uiot/mqtt/src/mqtt_client.o
                0x08010670                IOT_MQTT_Destroy
 .text.IOT_MQTT_Yield
                0x08010764       0x24 ./packages/ucloud_iot_sdk-latest/uiot/mqtt/src/mqtt_client.o
                0x08010764                IOT_MQTT_Yield
 .text.IOT_MQTT_Publish
                0x08010788       0x24 ./packages/ucloud_iot_sdk-latest/uiot/mqtt/src/mqtt_client.o
                0x08010788                IOT_MQTT_Publish
 .text.IOT_MQTT_Subscribe
                0x080107ac       0x24 ./packages/ucloud_iot_sdk-latest/uiot/mqtt/src/mqtt_client.o
                0x080107ac                IOT_MQTT_Subscribe
 .text.uiot_mqtt_init
                0x080107d0      0x338 ./packages/ucloud_iot_sdk-latest/uiot/mqtt/src/mqtt_client.o
                0x080107d0                uiot_mqtt_init
 .text._check_handle_is_identical
                0x08010b08       0x74 ./packages/ucloud_iot_sdk-latest/uiot/mqtt/src/mqtt_client_common.o
 .text.get_next_packet_id
                0x08010b7c       0x5c ./packages/ucloud_iot_sdk-latest/uiot/mqtt/src/mqtt_client_common.o
                0x08010b7c                get_next_packet_id
 .text.mqtt_write_packet_rem_len
                0x08010bd8       0x50 ./packages/ucloud_iot_sdk-latest/uiot/mqtt/src/mqtt_client_common.o
                0x08010bd8                mqtt_write_packet_rem_len
 .text.get_mqtt_packet_len
                0x08010c28       0x54 ./packages/ucloud_iot_sdk-latest/uiot/mqtt/src/mqtt_client_common.o
                0x08010c28                get_mqtt_packet_len
 .text._decode_packet_rem_len_from_buf_read
                0x08010c7c       0x80 ./packages/ucloud_iot_sdk-latest/uiot/mqtt/src/mqtt_client_common.o
 .text.bufchar  0x08010cfc       0x40 ./packages/ucloud_iot_sdk-latest/uiot/mqtt/src/mqtt_client_common.o
                0x08010cfc                bufchar
 .text.mqtt_read_packet_rem_len_form_buf
                0x08010d3c       0x30 ./packages/ucloud_iot_sdk-latest/uiot/mqtt/src/mqtt_client_common.o
                0x08010d3c                mqtt_read_packet_rem_len_form_buf
 .text.mqtt_read_uint16_t
                0x08010d6c       0x44 ./packages/ucloud_iot_sdk-latest/uiot/mqtt/src/mqtt_client_common.o
                0x08010d6c                mqtt_read_uint16_t
 .text.mqtt_read_char
                0x08010db0       0x28 ./packages/ucloud_iot_sdk-latest/uiot/mqtt/src/mqtt_client_common.o
                0x08010db0                mqtt_read_char
 .text.mqtt_write_char
                0x08010dd8       0x2c ./packages/ucloud_iot_sdk-latest/uiot/mqtt/src/mqtt_client_common.o
                0x08010dd8                mqtt_write_char
 .text.mqtt_write_uint_16
                0x08010e04       0x44 ./packages/ucloud_iot_sdk-latest/uiot/mqtt/src/mqtt_client_common.o
                0x08010e04                mqtt_write_uint_16
 .text.mqtt_write_utf8_string
                0x08010e48       0x40 ./packages/ucloud_iot_sdk-latest/uiot/mqtt/src/mqtt_client_common.o
                0x08010e48                mqtt_write_utf8_string
 .text.mqtt_init_packet_header
                0x08010e88      0x140 ./packages/ucloud_iot_sdk-latest/uiot/mqtt/src/mqtt_client_common.o
                0x08010e88                mqtt_init_packet_header
 .text.deserialize_ack_packet
                0x08010fc8      0x110 ./packages/ucloud_iot_sdk-latest/uiot/mqtt/src/mqtt_client_common.o
                0x08010fc8                deserialize_ack_packet
 .text.deserialize_suback_packet
                0x080110d8      0x110 ./packages/ucloud_iot_sdk-latest/uiot/mqtt/src/mqtt_client_common.o
                0x080110d8                deserialize_suback_packet
 .text.deserialize_unsuback_packet
                0x080111e8       0x60 ./packages/ucloud_iot_sdk-latest/uiot/mqtt/src/mqtt_client_common.o
                0x080111e8                deserialize_unsuback_packet
 .text.serialize_packet_with_zero_payload
                0x08011248       0x94 ./packages/ucloud_iot_sdk-latest/uiot/mqtt/src/mqtt_client_common.o
                0x08011248                serialize_packet_with_zero_payload
 .text.send_mqtt_packet
                0x080112dc       0xb0 ./packages/ucloud_iot_sdk-latest/uiot/mqtt/src/mqtt_client_common.o
                0x080112dc                send_mqtt_packet
 .text._decode_packet_rem_len_with_net_read
                0x0801138c       0x9c ./packages/ucloud_iot_sdk-latest/uiot/mqtt/src/mqtt_client_common.o
 .text._read_mqtt_packet
                0x08011428      0x21c ./packages/ucloud_iot_sdk-latest/uiot/mqtt/src/mqtt_client_common.o
 .text._is_topic_equals
                0x08011644       0x3c ./packages/ucloud_iot_sdk-latest/uiot/mqtt/src/mqtt_client_common.o
 .text._is_topic_matched
                0x08011680      0x114 ./packages/ucloud_iot_sdk-latest/uiot/mqtt/src/mqtt_client_common.o
 .text._deliver_message
                0x08011794      0x168 ./packages/ucloud_iot_sdk-latest/uiot/mqtt/src/mqtt_client_common.o
 .text._mask_pubInfo_from
                0x080118fc       0xc0 ./packages/ucloud_iot_sdk-latest/uiot/mqtt/src/mqtt_client_common.o
 .text._mask_sub_info_from
                0x080119bc       0xd8 ./packages/ucloud_iot_sdk-latest/uiot/mqtt/src/mqtt_client_common.o
 .text._handle_puback_packet
                0x08011a94       0x94 ./packages/ucloud_iot_sdk-latest/uiot/mqtt/src/mqtt_client_common.o
 .text._handle_suback_packet
                0x08011b28      0x288 ./packages/ucloud_iot_sdk-latest/uiot/mqtt/src/mqtt_client_common.o
 .text._handle_unsuback_packet
                0x08011db0       0xc8 ./packages/ucloud_iot_sdk-latest/uiot/mqtt/src/mqtt_client_common.o
 .text._handle_publish_packet
                0x08011e78      0x1b0 ./packages/ucloud_iot_sdk-latest/uiot/mqtt/src/mqtt_client_common.o
 .text._handle_pubrec_packet
                0x08012028       0xb8 ./packages/ucloud_iot_sdk-latest/uiot/mqtt/src/mqtt_client_common.o
 .text._handle_pingresp_packet
                0x080120e0       0x50 ./packages/ucloud_iot_sdk-latest/uiot/mqtt/src/mqtt_client_common.o
 .text.cycle_for_read
                0x08012130      0x148 ./packages/ucloud_iot_sdk-latest/uiot/mqtt/src/mqtt_client_common.o
                0x08012130                cycle_for_read
 .text.wait_for_read
                0x08012278       0x6c ./packages/ucloud_iot_sdk-latest/uiot/mqtt/src/mqtt_client_common.o
                0x08012278                wait_for_read
 .text.set_client_conn_state
                0x080122e4       0x3c ./packages/ucloud_iot_sdk-latest/uiot/mqtt/src/mqtt_client_common.o
                0x080122e4                set_client_conn_state
 .text.get_client_conn_state
                0x08012320       0x3c ./packages/ucloud_iot_sdk-latest/uiot/mqtt/src/mqtt_client_common.o
                0x08012320                get_client_conn_state
 .text.push_sub_info_to
                0x0801235c      0x144 ./packages/ucloud_iot_sdk-latest/uiot/mqtt/src/mqtt_client_common.o
                0x0801235c                push_sub_info_to
 .text._get_packet_connect_rem_len
                0x080124a0       0x7c ./packages/ucloud_iot_sdk-latest/uiot/mqtt/src/mqtt_client_connect.o
 .text._copy_connect_params
                0x0801251c       0x60 ./packages/ucloud_iot_sdk-latest/uiot/mqtt/src/mqtt_client_connect.o
 .text._serialize_connect_packet
                0x0801257c      0x1cc ./packages/ucloud_iot_sdk-latest/uiot/mqtt/src/mqtt_client_connect.o
 .text._deserialize_connack_packet
                0x08012748      0x160 ./packages/ucloud_iot_sdk-latest/uiot/mqtt/src/mqtt_client_connect.o
 .text._mqtt_connect
                0x080128a8      0x18c ./packages/ucloud_iot_sdk-latest/uiot/mqtt/src/mqtt_client_connect.o
 .text.uiot_mqtt_connect
                0x08012a34       0x64 ./packages/ucloud_iot_sdk-latest/uiot/mqtt/src/mqtt_client_connect.o
                0x08012a34                uiot_mqtt_connect
 .text.uiot_mqtt_attempt_reconnect
                0x08012a98       0x64 ./packages/ucloud_iot_sdk-latest/uiot/mqtt/src/mqtt_client_connect.o
                0x08012a98                uiot_mqtt_attempt_reconnect
 .text.uiot_mqtt_disconnect
                0x08012afc       0xec ./packages/ucloud_iot_sdk-latest/uiot/mqtt/src/mqtt_client_connect.o
                0x08012afc                uiot_mqtt_disconnect
 .text.uiot_mqtt_network_init
                0x08012be8       0x34 ./packages/ucloud_iot_sdk-latest/uiot/mqtt/src/mqtt_client_net.o
                0x08012be8                uiot_mqtt_network_init
 .text._read_string_with_len
                0x08012c1c       0x74 ./packages/ucloud_iot_sdk-latest/uiot/mqtt/src/mqtt_client_publish.o
 .text._get_publish_packet_len
                0x08012c90       0x3c ./packages/ucloud_iot_sdk-latest/uiot/mqtt/src/mqtt_client_publish.o
 .text._mask_push_pubInfo_to
                0x08012ccc      0x134 ./packages/ucloud_iot_sdk-latest/uiot/mqtt/src/mqtt_client_publish.o
 .text.deserialize_publish_packet
                0x08012e00      0x140 ./packages/ucloud_iot_sdk-latest/uiot/mqtt/src/mqtt_client_publish.o
                0x08012e00                deserialize_publish_packet
 .text.serialize_pub_ack_packet
                0x08012f40       0xb8 ./packages/ucloud_iot_sdk-latest/uiot/mqtt/src/mqtt_client_publish.o
                0x08012f40                serialize_pub_ack_packet
 .text._serialize_publish_packet
                0x08012ff8       0xf8 ./packages/ucloud_iot_sdk-latest/uiot/mqtt/src/mqtt_client_publish.o
 .text.uiot_mqtt_publish
                0x080130f0      0x1c4 ./packages/ucloud_iot_sdk-latest/uiot/mqtt/src/mqtt_client_publish.o
                0x080130f0                uiot_mqtt_publish
 .text._get_subscribe_packet_rem_len
                0x080132b4       0x44 ./packages/ucloud_iot_sdk-latest/uiot/mqtt/src/mqtt_client_subscribe.o
 .text._serialize_subscribe_packet
                0x080132f8      0x100 ./packages/ucloud_iot_sdk-latest/uiot/mqtt/src/mqtt_client_subscribe.o
 .text.uiot_mqtt_subscribe
                0x080133f8      0x1f8 ./packages/ucloud_iot_sdk-latest/uiot/mqtt/src/mqtt_client_subscribe.o
                0x080133f8                uiot_mqtt_subscribe
 .text.uiot_mqtt_resubscribe
                0x080135f0       0xb4 ./packages/ucloud_iot_sdk-latest/uiot/mqtt/src/mqtt_client_subscribe.o
                0x080135f0                uiot_mqtt_resubscribe
 .text._iot_disconnect_callback
                0x080136a4       0x44 ./packages/ucloud_iot_sdk-latest/uiot/mqtt/src/mqtt_client_yield.o
 .text._reconnect_callback
                0x080136e8       0x44 ./packages/ucloud_iot_sdk-latest/uiot/mqtt/src/mqtt_client_yield.o
 .text._handle_disconnect
                0x0801372c       0x60 ./packages/ucloud_iot_sdk-latest/uiot/mqtt/src/mqtt_client_yield.o
 .text._handle_reconnect
                0x0801378c       0x88 ./packages/ucloud_iot_sdk-latest/uiot/mqtt/src/mqtt_client_yield.o
 .text._mqtt_keep_alive
                0x08013814      0x160 ./packages/ucloud_iot_sdk-latest/uiot/mqtt/src/mqtt_client_yield.o
 .text.uiot_mqtt_yield
                0x08013974      0x184 ./packages/ucloud_iot_sdk-latest/uiot/mqtt/src/mqtt_client_yield.o
                0x08013974                uiot_mqtt_yield
 .text.uiot_mqtt_pub_info_proc
                0x08013af8      0x154 ./packages/ucloud_iot_sdk-latest/uiot/mqtt/src/mqtt_client_yield.o
                0x08013af8                uiot_mqtt_pub_info_proc
 .text.uiot_mqtt_sub_info_proc
                0x08013c4c      0x16c ./packages/ucloud_iot_sdk-latest/uiot/mqtt/src/mqtt_client_yield.o
                0x08013c4c                uiot_mqtt_sub_info_proc
 .text.event_handler
                0x08013db8      0x148 ./packages/ucloud_iot_sdk-latest/samples/mqtt/mqtt_sample.o
                0x08013db8                event_handler
 .text.on_message_callback
                0x08013f00       0x40 ./packages/ucloud_iot_sdk-latest/samples/mqtt/mqtt_sample.o
 .text._setup_connect_init_params
                0x08013f40       0x58 ./packages/ucloud_iot_sdk-latest/samples/mqtt/mqtt_sample.o
 .text._publish_msg
                0x08013f98       0xe0 ./packages/ucloud_iot_sdk-latest/samples/mqtt/mqtt_sample.o
 .text._register_subscribe_topics
                0x08014078       0x78 ./packages/ucloud_iot_sdk-latest/samples/mqtt/mqtt_sample.o
 .text.mqtt_test_thread
                0x080140f0      0x1c4 ./packages/ucloud_iot_sdk-latest/samples/mqtt/mqtt_sample.o
 .text.mqtt_test_example
                0x080142b4       0x4c ./packages/ucloud_iot_sdk-latest/samples/mqtt/mqtt_sample.o
                0x080142b4                mqtt_test_example
 .text.HAL_MutexCreate
                0x08014300       0x3c ./packages/ucloud_iot_sdk-latest/ports/rtthread/HAL_OS_rtthread.o
                0x08014300                HAL_MutexCreate
 .text.HAL_MutexDestroy
                0x0801433c       0x18 ./packages/ucloud_iot_sdk-latest/ports/rtthread/HAL_OS_rtthread.o
                0x0801433c                HAL_MutexDestroy
 .text.HAL_MutexLock
                0x08014354       0x1c ./packages/ucloud_iot_sdk-latest/ports/rtthread/HAL_OS_rtthread.o
                0x08014354                HAL_MutexLock
 .text.HAL_MutexUnlock
                0x08014370       0x18 ./packages/ucloud_iot_sdk-latest/ports/rtthread/HAL_OS_rtthread.o
                0x08014370                HAL_MutexUnlock
 .text.HAL_Malloc
                0x08014388       0x18 ./packages/ucloud_iot_sdk-latest/ports/rtthread/HAL_OS_rtthread.o
                0x08014388                HAL_Malloc
 .text.HAL_Free
                0x080143a0       0x18 ./packages/ucloud_iot_sdk-latest/ports/rtthread/HAL_OS_rtthread.o
                0x080143a0                HAL_Free
 .text.HAL_Printf
                0x080143b8       0x44 ./packages/ucloud_iot_sdk-latest/ports/rtthread/HAL_OS_rtthread.o
                0x080143b8                HAL_Printf
 .text.HAL_Snprintf
                0x080143fc       0x30 ./packages/ucloud_iot_sdk-latest/ports/rtthread/HAL_OS_rtthread.o
                0x080143fc                HAL_Snprintf
 .text.HAL_SleepMs
                0x0801442c       0x18 ./packages/ucloud_iot_sdk-latest/ports/rtthread/HAL_OS_rtthread.o
                0x0801442c                HAL_SleepMs
 .text.rtthread_get_time_ms
                0x08014444       0x14 ./packages/ucloud_iot_sdk-latest/ports/rtthread/HAL_TCP_rtthread.o
 .text.rtthread_time_left
                0x08014458       0x50 ./packages/ucloud_iot_sdk-latest/ports/rtthread/HAL_TCP_rtthread.o
 .text.HAL_TCP_Connect
                0x080144a8      0x144 ./packages/ucloud_iot_sdk-latest/ports/rtthread/HAL_TCP_rtthread.o
                0x080144a8                HAL_TCP_Connect
 .text.HAL_TCP_Disconnect
                0x080145ec       0x34 ./packages/ucloud_iot_sdk-latest/ports/rtthread/HAL_TCP_rtthread.o
                0x080145ec                HAL_TCP_Disconnect
 .text.HAL_TCP_Write
                0x08014620       0xd8 ./packages/ucloud_iot_sdk-latest/ports/rtthread/HAL_TCP_rtthread.o
                0x08014620                HAL_TCP_Write
 .text.HAL_TCP_Read
                0x080146f8       0xcc ./packages/ucloud_iot_sdk-latest/ports/rtthread/HAL_TCP_rtthread.o
                0x080146f8                HAL_TCP_Read
 .text.HAL_Timer_Expired
                0x080147c4       0x28 ./packages/ucloud_iot_sdk-latest/ports/rtthread/HAL_Timer_rtthread.o
                0x080147c4                HAL_Timer_Expired
 .text.HAL_Timer_Countdown_ms
                0x080147ec       0x2c ./packages/ucloud_iot_sdk-latest/ports/rtthread/HAL_Timer_rtthread.o
                0x080147ec                HAL_Timer_Countdown_ms
 .text.HAL_Timer_Countdown
                0x08014818       0x34 ./packages/ucloud_iot_sdk-latest/ports/rtthread/HAL_Timer_rtthread.o
                0x08014818                HAL_Timer_Countdown
 .text.HAL_Timer_Remain_ms
                0x0801484c       0x24 ./packages/ucloud_iot_sdk-latest/ports/rtthread/HAL_Timer_rtthread.o
                0x0801484c                HAL_Timer_Remain_ms
 .text.HAL_Timer_Init
                0x08014870       0x1c ./packages/ucloud_iot_sdk-latest/ports/rtthread/HAL_Timer_rtthread.o
                0x08014870                HAL_Timer_Init
 .text.rt_hw_dht11_port
                0x0801488c       0x24 ./packages/dht11-latest/dht11_sample.o
 .text.dht11_reset
                0x080148b0       0x34 ./packages/dht11-latest/sensor_dallas_dht11.o
 .text.dht11_check
                0x080148e4       0x78 ./packages/dht11-latest/sensor_dallas_dht11.o
 .text.dht11_read_bit
                0x0801495c       0x70 ./packages/dht11-latest/sensor_dallas_dht11.o
 .text.dht11_read_byte
                0x080149cc       0x40 ./packages/dht11-latest/sensor_dallas_dht11.o
 .text.dht11_read_Data
                0x08014a0c       0x78 ./packages/dht11-latest/sensor_dallas_dht11.o
 .text.dht11_init
                0x08014a84       0x3c ./packages/dht11-latest/sensor_dallas_dht11.o
                0x08014a84                dht11_init
 .text.dht11_get_temperature
                0x08014ac0       0x50 ./packages/dht11-latest/sensor_dallas_dht11.o
                0x08014ac0                dht11_get_temperature
 .text.dht11_polling_get_data
                0x08014b10       0x30 ./packages/dht11-latest/sensor_dallas_dht11.o
 .text.dht11_fetch_data
                0x08014b40       0x44 ./packages/dht11-latest/sensor_dallas_dht11.o
 .text.dht11_control
                0x08014b84       0x1c ./packages/dht11-latest/sensor_dallas_dht11.o
 .text.rt_hw_dht11_init
                0x08014ba0      0x13c ./packages/dht11-latest/sensor_dallas_dht11.o
                0x08014ba0                rt_hw_dht11_init
 .text.rt_slist_init
                0x08014cdc       0x1c ./packages/at_device-v2.0.2/src/at_device.o
 .text.rt_slist_append
                0x08014cf8       0x38 ./packages/at_device-v2.0.2/src/at_device.o
 .text.at_device_get_first_initialized
                0x08014d30       0x5c ./packages/at_device-v2.0.2/src/at_device.o
                0x08014d30                at_device_get_first_initialized
 .text.at_device_get_by_name
                0x08014d8c       0xc4 ./packages/at_device-v2.0.2/src/at_device.o
                0x08014d8c                at_device_get_by_name
 .text.at_device_get_by_ipaddr
                0x08014e50       0x64 ./packages/at_device-v2.0.2/src/at_device.o
                0x08014e50                at_device_get_by_ipaddr
 .text.at_device_class_register
                0x08014eb4       0x5c ./packages/at_device-v2.0.2/src/at_device.o
                0x08014eb4                at_device_class_register
 .text.at_device_class_get
                0x08014f10       0x60 ./packages/at_device-v2.0.2/src/at_device.o
 .text.at_device_register
                0x08014f70      0x1a4 ./packages/at_device-v2.0.2/src/at_device.o
                0x08014f70                at_device_register
 .text.ec20_device_register
                0x08015114       0x30 ./packages/at_device-v2.0.2/samples/at_sample_ec20.o
 .text.ec20_power_on
                0x08015144       0x74 ./packages/at_device-v2.0.2/class/ec20/at_device_ec20.o
 .text.ec20_power_off
                0x080151b8       0x74 ./packages/at_device-v2.0.2/class/ec20/at_device_ec20.o
 .text.ec20_netdev_set_info
                0x0801522c      0x340 ./packages/at_device-v2.0.2/class/ec20/at_device_ec20.o
 .text.ec20_check_link_status_entry
                0x0801556c      0x110 ./packages/at_device-v2.0.2/class/ec20/at_device_ec20.o
 .text.ec20_netdev_check_link_status
                0x0801567c       0x74 ./packages/at_device-v2.0.2/class/ec20/at_device_ec20.o
 .text.ec20_netdev_set_up
                0x080156f0       0x70 ./packages/at_device-v2.0.2/class/ec20/at_device_ec20.o
 .text.ec20_netdev_set_down
                0x08015760       0x70 ./packages/at_device-v2.0.2/class/ec20/at_device_ec20.o
 .text.ec20_netdev_set_dns_server
                0x080157d0       0xf8 ./packages/at_device-v2.0.2/class/ec20/at_device_ec20.o
 .text.ec20_netdev_ping
                0x080158c8      0x1cc ./packages/at_device-v2.0.2/class/ec20/at_device_ec20.o
 .text.ec20_netdev_add
                0x08015a94       0x74 ./packages/at_device-v2.0.2/class/ec20/at_device_ec20.o
 .text.ec20_init_thread_entry
                0x08015b08      0x8c8 ./packages/at_device-v2.0.2/class/ec20/at_device_ec20.o
 .text.ec20_net_init